Starting Dapr with id actor-service. HTTP Port: 60028. gRPC Port: 60029
Updating metadata for cliPID: 9617
time="2025-11-09T13:46:25.106441-08:00" level=info msg="Starting Dapr Runtime -- version 1.16.2 -- commit 3c7722a8c5648354e24256993caf047bc8c80666" app_id=actor-service instance=Marks-MacBook-Pro-3.local scope=dapr.runtime type=log ver=1.16.2
time="2025-11-09T13:46:25.106499-08:00" level=info msg="Log level set to: info" app_id=actor-service instance=Marks-MacBook-Pro-3.local scope=dapr.runtime type=log ver=1.16.2
time="2025-11-09T13:46:25.10664-08:00" level=warning msg="mTLS is disabled. Skipping certificate request and tls validation" app_id=actor-service instance=Marks-MacBook-Pro-3.local scope=dapr.runtime.security type=log ver=1.16.2
time="2025-11-09T13:46:25.107032-08:00" level=info msg="Enabled features: SchedulerReminders" app_id=actor-service instance=Marks-MacBook-Pro-3.local scope=dapr.runtime type=log ver=1.16.2
time="2025-11-09T13:46:25.107103-08:00" level=info msg="metric spec: {\"enabled\":true}" app_id=actor-service instance=Marks-MacBook-Pro-3.local scope=dapr.runtime.diagnostics type=log ver=1.16.2
time="2025-11-09T13:46:25.107128-08:00" level=info msg="Using default latency distribution buckets: [1 2 3 4 5 6 8 10 13 16 20 25 30 40 50 65 80 100 130 160 200 250 300 400 500 650 800 1000 2000 5000 10000 20000 50000 100000]" app_id=actor-service instance=Marks-MacBook-Pro-3.local scope=dapr.runtime.diagnostics type=log ver=1.16.2
time="2025-11-09T13:46:25.107265-08:00" level=warning msg="The default value for 'spec.metric.http.increasedCardinality' will change to 'false' in Dapr 1.15 or later" app_id=actor-service instance=Marks-MacBook-Pro-3.local scope=dapr.runtime.diagnostics type=log ver=1.16.2
time="2025-11-09T13:46:25.107642-08:00" level=info msg="standalone mode configured" app_id=actor-service instance=Marks-MacBook-Pro-3.local scope=dapr.runtime type=log ver=1.16.2
time="2025-11-09T13:46:25.107683-08:00" level=info msg="app id: actor-service" app_id=actor-service instance=Marks-MacBook-Pro-3.local scope=dapr.runtime type=log ver=1.16.2
time="2025-11-09T13:46:25.107764-08:00" level=info msg="metrics server started on 0.0.0.0:60030/" app_id=actor-service instance=Marks-MacBook-Pro-3.local scope=dapr.runtime type=log ver=1.16.2
time="2025-11-09T13:46:25.107911-08:00" level=info msg="Dapr trace sampler initialized: ParentBased{root:AlwaysOnSampler,remoteParentSampled:AlwaysOnSampler,remoteParentNotSampled:AlwaysOffSampler,localParentSampled:AlwaysOnSampler,localParentNotSampled:AlwaysOffSampler}" app_id=actor-service instance=Marks-MacBook-Pro-3.local scope=dapr.runtime type=log ver=1.16.2
time="2025-11-09T13:46:25.108198-08:00" level=info msg="local service entry announced: actor-service -> 172.19.1.225:60031" app_id=actor-service component="nr (mdns/v1)" instance=Marks-MacBook-Pro-3.local scope=dapr.contrib type=log ver=1.16.2
time="2025-11-09T13:46:25.108214-08:00" level=info msg="Initialized name resolution to mdns" app_id=actor-service instance=Marks-MacBook-Pro-3.local scope=dapr.runtime type=log ver=1.16.2
time="2025-11-09T13:46:25.108285-08:00" level=info msg="Loading components…" app_id=actor-service instance=Marks-MacBook-Pro-3.local scope=dapr.runtime type=log ver=1.16.2
time="2025-11-09T13:46:25.108651-08:00" level=info msg="Waiting for all outstanding components to be processed…" app_id=actor-service instance=Marks-MacBook-Pro-3.local scope=dapr.runtime type=log ver=1.16.2
time="2025-11-09T13:46:25.117651-08:00" level=info msg="Connected and received scheduler hosts addresses: [localhost:50006]" app_id=actor-service instance=Marks-MacBook-Pro-3.local scope=dapr.runtime.scheduler.watchhosts type=log ver=1.16.2
time="2025-11-09T13:46:25.11783-08:00" level=info msg="Scheduler client initialized for address: localhost:50006" app_id=actor-service instance=Marks-MacBook-Pro-3.local scope=dapr.runtime.scheduler.clients type=log ver=1.16.2
time="2025-11-09T13:46:25.117844-08:00" level=info msg="Scheduler clients initialized" app_id=actor-service instance=Marks-MacBook-Pro-3.local scope=dapr.runtime.scheduler.clients type=log ver=1.16.2
time="2025-11-09T13:46:25.123896-08:00" level=info msg="Using 'actorstore' as actor state store" app_id=actor-service instance=Marks-MacBook-Pro-3.local scope=dapr.runtime.processor.state type=log ver=1.16.2
time="2025-11-09T13:46:25.123959-08:00" level=info msg="Component loaded: actorstore (state.redis/v1)" app_id=actor-service instance=Marks-MacBook-Pro-3.local scope=dapr.runtime.processor type=log ver=1.16.2
time="2025-11-09T13:46:25.123981-08:00" level=info msg="All outstanding components processed" app_id=actor-service instance=Marks-MacBook-Pro-3.local scope=dapr.runtime type=log ver=1.16.2
time="2025-11-09T13:46:25.123993-08:00" level=info msg="Loading endpoints…" app_id=actor-service instance=Marks-MacBook-Pro-3.local scope=dapr.runtime type=log ver=1.16.2
time="2025-11-09T13:46:25.124189-08:00" level=info msg="Waiting for all outstanding http endpoints to be processed…" app_id=actor-service instance=Marks-MacBook-Pro-3.local scope=dapr.runtime type=log ver=1.16.2
time="2025-11-09T13:46:25.1242-08:00" level=info msg="All outstanding http endpoints processed" app_id=actor-service instance=Marks-MacBook-Pro-3.local scope=dapr.runtime type=log ver=1.16.2
time="2025-11-09T13:46:25.124207-08:00" level=info msg="Loading Declarative Subscriptions…" app_id=actor-service instance=Marks-MacBook-Pro-3.local scope=dapr.runtime type=log ver=1.16.2
time="2025-11-09T13:46:25.124459-08:00" level=info msg="gRPC server listening on TCP address: :60029" app_id=actor-service instance=Marks-MacBook-Pro-3.local scope=dapr.runtime.grpc.api type=log ver=1.16.2
time="2025-11-09T13:46:25.124472-08:00" level=info msg="Enabled gRPC tracing middleware" app_id=actor-service instance=Marks-MacBook-Pro-3.local scope=dapr.runtime.grpc.api type=log ver=1.16.2
time="2025-11-09T13:46:25.124477-08:00" level=info msg="Enabled gRPC metrics middleware" app_id=actor-service instance=Marks-MacBook-Pro-3.local scope=dapr.runtime.grpc.api type=log ver=1.16.2
time="2025-11-09T13:46:25.124526-08:00" level=info msg="Registering workflow engine for gRPC endpoint: [::]:60029" app_id=actor-service instance=Marks-MacBook-Pro-3.local scope=dapr.runtime.grpc.api type=log ver=1.16.2
time="2025-11-09T13:46:25.12455-08:00" level=info msg="API gRPC server is running on port 60029" app_id=actor-service instance=Marks-MacBook-Pro-3.local scope=dapr.runtime type=log ver=1.16.2
time="2025-11-09T13:46:25.124566-08:00" level=warning msg="The default value for 'spec.metric.http.increasedCardinality' will change to 'false' in Dapr 1.15 or later" app_id=actor-service instance=Marks-MacBook-Pro-3.local scope=dapr.runtime.http type=log ver=1.16.2
time="2025-11-09T13:46:25.12462-08:00" level=info msg="Enabled max body size HTTP middleware with size 4194304 bytes" app_id=actor-service instance=Marks-MacBook-Pro-3.local scope=dapr.runtime.http type=log ver=1.16.2
time="2025-11-09T13:46:25.12463-08:00" level=info msg="Enabled tracing HTTP middleware" app_id=actor-service instance=Marks-MacBook-Pro-3.local scope=dapr.runtime.http type=log ver=1.16.2
time="2025-11-09T13:46:25.124635-08:00" level=info msg="Enabled metrics HTTP middleware" app_id=actor-service instance=Marks-MacBook-Pro-3.local scope=dapr.runtime.http type=log ver=1.16.2
time="2025-11-09T13:46:25.124817-08:00" level=info msg="HTTP server listening on TCP address: :60028" app_id=actor-service instance=Marks-MacBook-Pro-3.local scope=dapr.runtime.http type=log ver=1.16.2
time="2025-11-09T13:46:25.124834-08:00" level=info msg="HTTP server is running on port 60028" app_id=actor-service instance=Marks-MacBook-Pro-3.local scope=dapr.runtime type=log ver=1.16.2
time="2025-11-09T13:46:25.124841-08:00" level=info msg="The request body size parameter is: 4194304 bytes" app_id=actor-service instance=Marks-MacBook-Pro-3.local scope=dapr.runtime type=log ver=1.16.2
time="2025-11-09T13:46:25.124865-08:00" level=info msg="gRPC server listening on TCP address: :60031" app_id=actor-service instance=Marks-MacBook-Pro-3.local scope=dapr.runtime.grpc.internal type=log ver=1.16.2
time="2025-11-09T13:46:25.124872-08:00" level=info msg="Enabled gRPC tracing middleware" app_id=actor-service instance=Marks-MacBook-Pro-3.local scope=dapr.runtime.grpc.internal type=log ver=1.16.2
time="2025-11-09T13:46:25.124888-08:00" level=info msg="Enabled gRPC metrics middleware" app_id=actor-service instance=Marks-MacBook-Pro-3.local scope=dapr.runtime.grpc.internal type=log ver=1.16.2
time="2025-11-09T13:46:25.124905-08:00" level=info msg="Internal gRPC server is running on :60031" app_id=actor-service instance=Marks-MacBook-Pro-3.local scope=dapr.runtime type=log ver=1.16.2
time="2025-11-09T13:46:25.124912-08:00" level=info msg="application protocol: http. waiting on port 5008.  This will block until the app is listening on that port." app_id=actor-service instance=Marks-MacBook-Pro-3.local scope=dapr.runtime type=log ver=1.16.2
Updating metadata for app command: dotnet  run --framework net8.0 --urls http://localhost:5008
Updating metadata for appPID: 9623
You're up and running! Dapr logs will appear here.

time="2025-11-09T13:46:35.281699-08:00" level=info msg="waiting for application to listen on port 5008" app_id=actor-service instance=Marks-MacBook-Pro-3.local scope=dapr.runtime type=log ver=1.16.2
time="2025-11-09T13:46:45.440355-08:00" level=info msg="waiting for application to listen on port 5008" app_id=actor-service instance=Marks-MacBook-Pro-3.local scope=dapr.runtime type=log ver=1.16.2
time="2025-11-09T13:46:55.620377-08:00" level=info msg="waiting for application to listen on port 5008" app_id=actor-service instance=Marks-MacBook-Pro-3.local scope=dapr.runtime type=log ver=1.16.2
time="2025-11-09T13:47:05.808876-08:00" level=info msg="waiting for application to listen on port 5008" app_id=actor-service instance=Marks-MacBook-Pro-3.local scope=dapr.runtime type=log ver=1.16.2
time="2025-11-09T13:47:41.853208-08:00" level=info msg="waiting for application to listen on port 5008" app_id=actor-service instance=Marks-MacBook-Pro-3.local scope=dapr.runtime type=log ver=1.16.2
time="2025-11-09T13:48:46.469432-08:00" level=info msg="waiting for application to listen on port 5008" app_id=actor-service instance=Marks-MacBook-Pro-3.local scope=dapr.runtime type=log ver=1.16.2
time="2025-11-09T13:48:56.663605-08:00" level=info msg="waiting for application to listen on port 5008" app_id=actor-service instance=Marks-MacBook-Pro-3.local scope=dapr.runtime type=log ver=1.16.2
time="2025-11-09T13:49:06.889457-08:00" level=info msg="waiting for application to listen on port 5008" app_id=actor-service instance=Marks-MacBook-Pro-3.local scope=dapr.runtime type=log ver=1.16.2
time="2025-11-09T13:49:39.54649-08:00" level=info msg="waiting for application to listen on port 5008" app_id=actor-service instance=Marks-MacBook-Pro-3.local scope=dapr.runtime type=log ver=1.16.2
time="2025-11-09T13:49:49.717053-08:00" level=info msg="waiting for application to listen on port 5008" app_id=actor-service instance=Marks-MacBook-Pro-3.local scope=dapr.runtime type=log ver=1.16.2
time="2025-11-09T13:49:59.852298-08:00" level=info msg="waiting for application to listen on port 5008" app_id=actor-service instance=Marks-MacBook-Pro-3.local scope=dapr.runtime type=log ver=1.16.2
time="2025-11-09T13:50:09.991229-08:00" level=info msg="waiting for application to listen on port 5008" app_id=actor-service instance=Marks-MacBook-Pro-3.local scope=dapr.runtime type=log ver=1.16.2
time="2025-11-09T13:50:20.124598-08:00" level=info msg="waiting for application to listen on port 5008" app_id=actor-service instance=Marks-MacBook-Pro-3.local scope=dapr.runtime type=log ver=1.16.2
time="2025-11-09T13:50:30.262261-08:00" level=info msg="waiting for application to listen on port 5008" app_id=actor-service instance=Marks-MacBook-Pro-3.local scope=dapr.runtime type=log ver=1.16.2
time="2025-11-09T13:50:40.399707-08:00" level=info msg="waiting for application to listen on port 5008" app_id=actor-service instance=Marks-MacBook-Pro-3.local scope=dapr.runtime type=log ver=1.16.2
time="2025-11-09T13:50:50.553073-08:00" level=info msg="waiting for application to listen on port 5008" app_id=actor-service instance=Marks-MacBook-Pro-3.local scope=dapr.runtime type=log ver=1.16.2
time="2025-11-09T13:51:00.689956-08:00" level=info msg="waiting for application to listen on port 5008" app_id=actor-service instance=Marks-MacBook-Pro-3.local scope=dapr.runtime type=log ver=1.16.2
time="2025-11-09T13:55:44.501314-08:00" level=info msg="waiting for application to listen on port 5008" app_id=actor-service instance=Marks-MacBook-Pro-3.local scope=dapr.runtime type=log ver=1.16.2
time="2025-11-09T13:55:54.673978-08:00" level=info msg="waiting for application to listen on port 5008" app_id=actor-service instance=Marks-MacBook-Pro-3.local scope=dapr.runtime type=log ver=1.16.2
time="2025-11-09T13:56:04.817362-08:00" level=info msg="waiting for application to listen on port 5008" app_id=actor-service instance=Marks-MacBook-Pro-3.local scope=dapr.runtime type=log ver=1.16.2
time="2025-11-09T13:56:14.96062-08:00" level=info msg="waiting for application to listen on port 5008" app_id=actor-service instance=Marks-MacBook-Pro-3.local scope=dapr.runtime type=log ver=1.16.2
time="2025-11-09T13:56:25.111806-08:00" level=info msg="waiting for application to listen on port 5008" app_id=actor-service instance=Marks-MacBook-Pro-3.local scope=dapr.runtime type=log ver=1.16.2
time="2025-11-09T13:56:35.256187-08:00" level=info msg="waiting for application to listen on port 5008" app_id=actor-service instance=Marks-MacBook-Pro-3.local scope=dapr.runtime type=log ver=1.16.2
time="2025-11-09T13:56:45.401851-08:00" level=info msg="waiting for application to listen on port 5008" app_id=actor-service instance=Marks-MacBook-Pro-3.local scope=dapr.runtime type=log ver=1.16.2
time="2025-11-09T13:56:55.538163-08:00" level=info msg="waiting for application to listen on port 5008" app_id=actor-service instance=Marks-MacBook-Pro-3.local scope=dapr.runtime type=log ver=1.16.2
time="2025-11-09T13:57:05.699183-08:00" level=info msg="waiting for application to listen on port 5008" app_id=actor-service instance=Marks-MacBook-Pro-3.local scope=dapr.runtime type=log ver=1.16.2
time="2025-11-09T13:57:15.833693-08:00" level=info msg="waiting for application to listen on port 5008" app_id=actor-service instance=Marks-MacBook-Pro-3.local scope=dapr.runtime type=log ver=1.16.2
time="2025-11-09T13:57:25.994652-08:00" level=info msg="waiting for application to listen on port 5008" app_id=actor-service instance=Marks-MacBook-Pro-3.local scope=dapr.runtime type=log ver=1.16.2
time="2025-11-09T13:57:36.152992-08:00" level=info msg="waiting for application to listen on port 5008" app_id=actor-service instance=Marks-MacBook-Pro-3.local scope=dapr.runtime type=log ver=1.16.2
time="2025-11-09T13:57:46.288529-08:00" level=info msg="waiting for application to listen on port 5008" app_id=actor-service instance=Marks-MacBook-Pro-3.local scope=dapr.runtime type=log ver=1.16.2
time="2025-11-09T13:57:56.440403-08:00" level=info msg="waiting for application to listen on port 5008" app_id=actor-service instance=Marks-MacBook-Pro-3.local scope=dapr.runtime type=log ver=1.16.2
time="2025-11-09T13:58:06.583282-08:00" level=info msg="waiting for application to listen on port 5008" app_id=actor-service instance=Marks-MacBook-Pro-3.local scope=dapr.runtime type=log ver=1.16.2
time="2025-11-09T13:58:16.744839-08:00" level=info msg="waiting for application to listen on port 5008" app_id=actor-service instance=Marks-MacBook-Pro-3.local scope=dapr.runtime type=log ver=1.16.2
time="2025-11-09T13:58:26.912025-08:00" level=info msg="waiting for application to listen on port 5008" app_id=actor-service instance=Marks-MacBook-Pro-3.local scope=dapr.runtime type=log ver=1.16.2
time="2025-11-09T13:58:37.044551-08:00" level=info msg="waiting for application to listen on port 5008" app_id=actor-service instance=Marks-MacBook-Pro-3.local scope=dapr.runtime type=log ver=1.16.2
time="2025-11-09T13:58:47.194235-08:00" level=info msg="waiting for application to listen on port 5008" app_id=actor-service instance=Marks-MacBook-Pro-3.local scope=dapr.runtime type=log ver=1.16.2
time="2025-11-09T13:58:57.334306-08:00" level=info msg="waiting for application to listen on port 5008" app_id=actor-service instance=Marks-MacBook-Pro-3.local scope=dapr.runtime type=log ver=1.16.2
time="2025-11-09T13:59:07.48376-08:00" level=info msg="waiting for application to listen on port 5008" app_id=actor-service instance=Marks-MacBook-Pro-3.local scope=dapr.runtime type=log ver=1.16.2
time="2025-11-09T13:59:17.635813-08:00" level=info msg="waiting for application to listen on port 5008" app_id=actor-service instance=Marks-MacBook-Pro-3.local scope=dapr.runtime type=log ver=1.16.2
time="2025-11-09T13:59:27.775385-08:00" level=info msg="waiting for application to listen on port 5008" app_id=actor-service instance=Marks-MacBook-Pro-3.local scope=dapr.runtime type=log ver=1.16.2
time="2025-11-09T13:59:37.939155-08:00" level=info msg="waiting for application to listen on port 5008" app_id=actor-service instance=Marks-MacBook-Pro-3.local scope=dapr.runtime type=log ver=1.16.2
time="2025-11-09T13:59:48.100403-08:00" level=info msg="waiting for application to listen on port 5008" app_id=actor-service instance=Marks-MacBook-Pro-3.local scope=dapr.runtime type=log ver=1.16.2
time="2025-11-09T13:59:58.26186-08:00" level=info msg="waiting for application to listen on port 5008" app_id=actor-service instance=Marks-MacBook-Pro-3.local scope=dapr.runtime type=log ver=1.16.2
time="2025-11-09T14:00:08.419318-08:00" level=info msg="waiting for application to listen on port 5008" app_id=actor-service instance=Marks-MacBook-Pro-3.local scope=dapr.runtime type=log ver=1.16.2
time="2025-11-09T14:00:18.584665-08:00" level=info msg="waiting for application to listen on port 5008" app_id=actor-service instance=Marks-MacBook-Pro-3.local scope=dapr.runtime type=log ver=1.16.2
time="2025-11-09T14:00:28.747117-08:00" level=info msg="waiting for application to listen on port 5008" app_id=actor-service instance=Marks-MacBook-Pro-3.local scope=dapr.runtime type=log ver=1.16.2
time="2025-11-09T14:00:38.930529-08:00" level=info msg="waiting for application to listen on port 5008" app_id=actor-service instance=Marks-MacBook-Pro-3.local scope=dapr.runtime type=log ver=1.16.2
time="2025-11-09T14:00:49.081135-08:00" level=info msg="waiting for application to listen on port 5008" app_id=actor-service instance=Marks-MacBook-Pro-3.local scope=dapr.runtime type=log ver=1.16.2
time="2025-11-09T14:00:59.220148-08:00" level=info msg="waiting for application to listen on port 5008" app_id=actor-service instance=Marks-MacBook-Pro-3.local scope=dapr.runtime type=log ver=1.16.2
time="2025-11-09T14:01:09.349989-08:00" level=info msg="waiting for application to listen on port 5008" app_id=actor-service instance=Marks-MacBook-Pro-3.local scope=dapr.runtime type=log ver=1.16.2
time="2025-11-09T14:01:19.52135-08:00" level=info msg="waiting for application to listen on port 5008" app_id=actor-service instance=Marks-MacBook-Pro-3.local scope=dapr.runtime type=log ver=1.16.2
time="2025-11-09T14:01:29.682716-08:00" level=info msg="waiting for application to listen on port 5008" app_id=actor-service instance=Marks-MacBook-Pro-3.local scope=dapr.runtime type=log ver=1.16.2
time="2025-11-09T14:01:39.84147-08:00" level=info msg="waiting for application to listen on port 5008" app_id=actor-service instance=Marks-MacBook-Pro-3.local scope=dapr.runtime type=log ver=1.16.2
time="2025-11-09T14:01:50.001575-08:00" level=info msg="waiting for application to listen on port 5008" app_id=actor-service instance=Marks-MacBook-Pro-3.local scope=dapr.runtime type=log ver=1.16.2
time="2025-11-09T14:02:00.15984-08:00" level=info msg="waiting for application to listen on port 5008" app_id=actor-service instance=Marks-MacBook-Pro-3.local scope=dapr.runtime type=log ver=1.16.2
time="2025-11-09T14:02:10.31903-08:00" level=info msg="waiting for application to listen on port 5008" app_id=actor-service instance=Marks-MacBook-Pro-3.local scope=dapr.runtime type=log ver=1.16.2
time="2025-11-09T14:02:20.485891-08:00" level=info msg="waiting for application to listen on port 5008" app_id=actor-service instance=Marks-MacBook-Pro-3.local scope=dapr.runtime type=log ver=1.16.2
time="2025-11-09T14:02:30.648664-08:00" level=info msg="waiting for application to listen on port 5008" app_id=actor-service instance=Marks-MacBook-Pro-3.local scope=dapr.runtime type=log ver=1.16.2
time="2025-11-09T14:02:40.803944-08:00" level=info msg="waiting for application to listen on port 5008" app_id=actor-service instance=Marks-MacBook-Pro-3.local scope=dapr.runtime type=log ver=1.16.2
time="2025-11-09T14:02:50.96188-08:00" level=info msg="waiting for application to listen on port 5008" app_id=actor-service instance=Marks-MacBook-Pro-3.local scope=dapr.runtime type=log ver=1.16.2
time="2025-11-09T14:03:01.101791-08:00" level=info msg="waiting for application to listen on port 5008" app_id=actor-service instance=Marks-MacBook-Pro-3.local scope=dapr.runtime type=log ver=1.16.2
time="2025-11-09T14:03:11.266397-08:00" level=info msg="waiting for application to listen on port 5008" app_id=actor-service instance=Marks-MacBook-Pro-3.local scope=dapr.runtime type=log ver=1.16.2
time="2025-11-09T14:03:21.422673-08:00" level=info msg="waiting for application to listen on port 5008" app_id=actor-service instance=Marks-MacBook-Pro-3.local scope=dapr.runtime type=log ver=1.16.2
time="2025-11-09T14:03:31.575469-08:00" level=info msg="waiting for application to listen on port 5008" app_id=actor-service instance=Marks-MacBook-Pro-3.local scope=dapr.runtime type=log ver=1.16.2
time="2025-11-09T14:03:41.742614-08:00" level=info msg="waiting for application to listen on port 5008" app_id=actor-service instance=Marks-MacBook-Pro-3.local scope=dapr.runtime type=log ver=1.16.2
time="2025-11-09T14:03:51.892447-08:00" level=info msg="waiting for application to listen on port 5008" app_id=actor-service instance=Marks-MacBook-Pro-3.local scope=dapr.runtime type=log ver=1.16.2
time="2025-11-09T14:04:02.048613-08:00" level=info msg="waiting for application to listen on port 5008" app_id=actor-service instance=Marks-MacBook-Pro-3.local scope=dapr.runtime type=log ver=1.16.2
time="2025-11-09T14:04:12.197764-08:00" level=info msg="waiting for application to listen on port 5008" app_id=actor-service instance=Marks-MacBook-Pro-3.local scope=dapr.runtime type=log ver=1.16.2
time="2025-11-09T14:04:22.343688-08:00" level=info msg="waiting for application to listen on port 5008" app_id=actor-service instance=Marks-MacBook-Pro-3.local scope=dapr.runtime type=log ver=1.16.2
time="2025-11-09T14:04:32.504017-08:00" level=info msg="waiting for application to listen on port 5008" app_id=actor-service instance=Marks-MacBook-Pro-3.local scope=dapr.runtime type=log ver=1.16.2
time="2025-11-09T14:04:42.647185-08:00" level=info msg="waiting for application to listen on port 5008" app_id=actor-service instance=Marks-MacBook-Pro-3.local scope=dapr.runtime type=log ver=1.16.2
time="2025-11-09T14:04:52.810603-08:00" level=info msg="waiting for application to listen on port 5008" app_id=actor-service instance=Marks-MacBook-Pro-3.local scope=dapr.runtime type=log ver=1.16.2
time="2025-11-09T14:05:02.95292-08:00" level=info msg="waiting for application to listen on port 5008" app_id=actor-service instance=Marks-MacBook-Pro-3.local scope=dapr.runtime type=log ver=1.16.2
time="2025-11-09T14:05:13.089501-08:00" level=info msg="waiting for application to listen on port 5008" app_id=actor-service instance=Marks-MacBook-Pro-3.local scope=dapr.runtime type=log ver=1.16.2
time="2025-11-09T14:05:23.231593-08:00" level=info msg="waiting for application to listen on port 5008" app_id=actor-service instance=Marks-MacBook-Pro-3.local scope=dapr.runtime type=log ver=1.16.2
time="2025-11-09T14:05:33.379243-08:00" level=info msg="waiting for application to listen on port 5008" app_id=actor-service instance=Marks-MacBook-Pro-3.local scope=dapr.runtime type=log ver=1.16.2
time="2025-11-09T14:05:43.542391-08:00" level=info msg="waiting for application to listen on port 5008" app_id=actor-service instance=Marks-MacBook-Pro-3.local scope=dapr.runtime type=log ver=1.16.2
time="2025-11-09T14:05:53.69727-08:00" level=info msg="waiting for application to listen on port 5008" app_id=actor-service instance=Marks-MacBook-Pro-3.local scope=dapr.runtime type=log ver=1.16.2
time="2025-11-09T14:06:03.846571-08:00" level=info msg="waiting for application to listen on port 5008" app_id=actor-service instance=Marks-MacBook-Pro-3.local scope=dapr.runtime type=log ver=1.16.2
time="2025-11-09T14:06:13.996886-08:00" level=info msg="waiting for application to listen on port 5008" app_id=actor-service instance=Marks-MacBook-Pro-3.local scope=dapr.runtime type=log ver=1.16.2
time="2025-11-09T14:06:24.147374-08:00" level=info msg="waiting for application to listen on port 5008" app_id=actor-service instance=Marks-MacBook-Pro-3.local scope=dapr.runtime type=log ver=1.16.2
time="2025-11-09T14:06:34.297614-08:00" level=info msg="waiting for application to listen on port 5008" app_id=actor-service instance=Marks-MacBook-Pro-3.local scope=dapr.runtime type=log ver=1.16.2
time="2025-11-09T14:06:44.463298-08:00" level=info msg="waiting for application to listen on port 5008" app_id=actor-service instance=Marks-MacBook-Pro-3.local scope=dapr.runtime type=log ver=1.16.2
time="2025-11-09T14:06:54.603984-08:00" level=info msg="waiting for application to listen on port 5008" app_id=actor-service instance=Marks-MacBook-Pro-3.local scope=dapr.runtime type=log ver=1.16.2
time="2025-11-09T14:07:04.778927-08:00" level=info msg="waiting for application to listen on port 5008" app_id=actor-service instance=Marks-MacBook-Pro-3.local scope=dapr.runtime type=log ver=1.16.2
time="2025-11-09T14:07:14.924774-08:00" level=info msg="waiting for application to listen on port 5008" app_id=actor-service instance=Marks-MacBook-Pro-3.local scope=dapr.runtime type=log ver=1.16.2
time="2025-11-09T14:07:25.08734-08:00" level=info msg="waiting for application to listen on port 5008" app_id=actor-service instance=Marks-MacBook-Pro-3.local scope=dapr.runtime type=log ver=1.16.2
time="2025-11-09T14:07:35.237205-08:00" level=info msg="waiting for application to listen on port 5008" app_id=actor-service instance=Marks-MacBook-Pro-3.local scope=dapr.runtime type=log ver=1.16.2
time="2025-11-09T14:07:45.370458-08:00" level=info msg="waiting for application to listen on port 5008" app_id=actor-service instance=Marks-MacBook-Pro-3.local scope=dapr.runtime type=log ver=1.16.2
time="2025-11-09T14:07:55.521998-08:00" level=info msg="waiting for application to listen on port 5008" app_id=actor-service instance=Marks-MacBook-Pro-3.local scope=dapr.runtime type=log ver=1.16.2
time="2025-11-09T14:08:05.67074-08:00" level=info msg="waiting for application to listen on port 5008" app_id=actor-service instance=Marks-MacBook-Pro-3.local scope=dapr.runtime type=log ver=1.16.2
time="2025-11-09T14:08:15.818081-08:00" level=info msg="waiting for application to listen on port 5008" app_id=actor-service instance=Marks-MacBook-Pro-3.local scope=dapr.runtime type=log ver=1.16.2
time="2025-11-09T14:08:25.96669-08:00" level=info msg="waiting for application to listen on port 5008" app_id=actor-service instance=Marks-MacBook-Pro-3.local scope=dapr.runtime type=log ver=1.16.2
time="2025-11-09T14:08:36.112199-08:00" level=info msg="waiting for application to listen on port 5008" app_id=actor-service instance=Marks-MacBook-Pro-3.local scope=dapr.runtime type=log ver=1.16.2
time="2025-11-09T14:08:46.260857-08:00" level=info msg="waiting for application to listen on port 5008" app_id=actor-service instance=Marks-MacBook-Pro-3.local scope=dapr.runtime type=log ver=1.16.2
time="2025-11-09T14:08:56.402129-08:00" level=info msg="waiting for application to listen on port 5008" app_id=actor-service instance=Marks-MacBook-Pro-3.local scope=dapr.runtime type=log ver=1.16.2
time="2025-11-09T14:09:06.549461-08:00" level=info msg="waiting for application to listen on port 5008" app_id=actor-service instance=Marks-MacBook-Pro-3.local scope=dapr.runtime type=log ver=1.16.2
time="2025-11-09T14:09:16.688622-08:00" level=info msg="waiting for application to listen on port 5008" app_id=actor-service instance=Marks-MacBook-Pro-3.local scope=dapr.runtime type=log ver=1.16.2
time="2025-11-09T14:09:26.834437-08:00" level=info msg="waiting for application to listen on port 5008" app_id=actor-service instance=Marks-MacBook-Pro-3.local scope=dapr.runtime type=log ver=1.16.2
time="2025-11-09T14:09:36.985663-08:00" level=info msg="waiting for application to listen on port 5008" app_id=actor-service instance=Marks-MacBook-Pro-3.local scope=dapr.runtime type=log ver=1.16.2
time="2025-11-09T14:09:47.12673-08:00" level=info msg="waiting for application to listen on port 5008" app_id=actor-service instance=Marks-MacBook-Pro-3.local scope=dapr.runtime type=log ver=1.16.2
time="2025-11-09T14:09:57.306365-08:00" level=info msg="waiting for application to listen on port 5008" app_id=actor-service instance=Marks-MacBook-Pro-3.local scope=dapr.runtime type=log ver=1.16.2
time="2025-11-09T14:10:07.466225-08:00" level=info msg="waiting for application to listen on port 5008" app_id=actor-service instance=Marks-MacBook-Pro-3.local scope=dapr.runtime type=log ver=1.16.2
time="2025-11-09T14:10:17.622376-08:00" level=info msg="waiting for application to listen on port 5008" app_id=actor-service instance=Marks-MacBook-Pro-3.local scope=dapr.runtime type=log ver=1.16.2
time="2025-11-09T14:10:27.771703-08:00" level=info msg="waiting for application to listen on port 5008" app_id=actor-service instance=Marks-MacBook-Pro-3.local scope=dapr.runtime type=log ver=1.16.2
time="2025-11-09T14:10:37.922703-08:00" level=info msg="waiting for application to listen on port 5008" app_id=actor-service instance=Marks-MacBook-Pro-3.local scope=dapr.runtime type=log ver=1.16.2
time="2025-11-09T14:10:48.086562-08:00" level=info msg="waiting for application to listen on port 5008" app_id=actor-service instance=Marks-MacBook-Pro-3.local scope=dapr.runtime type=log ver=1.16.2
time="2025-11-09T14:10:58.235377-08:00" level=info msg="waiting for application to listen on port 5008" app_id=actor-service instance=Marks-MacBook-Pro-3.local scope=dapr.runtime type=log ver=1.16.2
time="2025-11-09T14:11:08.411112-08:00" level=info msg="waiting for application to listen on port 5008" app_id=actor-service instance=Marks-MacBook-Pro-3.local scope=dapr.runtime type=log ver=1.16.2
time="2025-11-09T14:11:18.537252-08:00" level=info msg="waiting for application to listen on port 5008" app_id=actor-service instance=Marks-MacBook-Pro-3.local scope=dapr.runtime type=log ver=1.16.2
time="2025-11-09T14:11:28.671543-08:00" level=info msg="waiting for application to listen on port 5008" app_id=actor-service instance=Marks-MacBook-Pro-3.local scope=dapr.runtime type=log ver=1.16.2
time="2025-11-09T14:11:38.815126-08:00" level=info msg="waiting for application to listen on port 5008" app_id=actor-service instance=Marks-MacBook-Pro-3.local scope=dapr.runtime type=log ver=1.16.2
time="2025-11-09T14:11:48.947265-08:00" level=info msg="waiting for application to listen on port 5008" app_id=actor-service instance=Marks-MacBook-Pro-3.local scope=dapr.runtime type=log ver=1.16.2
time="2025-11-09T14:11:59.092205-08:00" level=info msg="waiting for application to listen on port 5008" app_id=actor-service instance=Marks-MacBook-Pro-3.local scope=dapr.runtime type=log ver=1.16.2
time="2025-11-09T14:12:09.232329-08:00" level=info msg="waiting for application to listen on port 5008" app_id=actor-service instance=Marks-MacBook-Pro-3.local scope=dapr.runtime type=log ver=1.16.2
time="2025-11-09T14:12:19.376356-08:00" level=info msg="waiting for application to listen on port 5008" app_id=actor-service instance=Marks-MacBook-Pro-3.local scope=dapr.runtime type=log ver=1.16.2
time="2025-11-09T14:12:24.054912-08:00" level=info msg="Received signal 'interrupt'; beginning shutdown" app_id=actor-service instance=Marks-MacBook-Pro-3.local scope=dapr.signals type=log ver=1.16.2

termination signal received: shutting down
Exited Dapr successfully
