Starting Dapr with id actor-service. HTTP Port: 52041. gRPC Port: 52042
Updating metadata for cliPID: 60806
time="2025-10-24T18:06:48.331902+01:00" level=info msg="Starting Dapr Runtime -- version 1.16.1 -- commit 133e3847acd3bba2f0a22f9e82af25ef6a63f5a3" app_id=actor-service instance=Marks-MacBook-Pro-3.local scope=dapr.runtime type=log ver=1.16.1
time="2025-10-24T18:06:48.331953+01:00" level=info msg="Log level set to: info" app_id=actor-service instance=Marks-MacBook-Pro-3.local scope=dapr.runtime type=log ver=1.16.1
time="2025-10-24T18:06:48.332094+01:00" level=warning msg="mTLS is disabled. Skipping certificate request and tls validation" app_id=actor-service instance=Marks-MacBook-Pro-3.local scope=dapr.runtime.security type=log ver=1.16.1
time="2025-10-24T18:06:48.332484+01:00" level=info msg="Enabled features: SchedulerReminders" app_id=actor-service instance=Marks-MacBook-Pro-3.local scope=dapr.runtime type=log ver=1.16.1
time="2025-10-24T18:06:48.332743+01:00" level=info msg="metric spec: {\"enabled\":true}" app_id=actor-service instance=Marks-MacBook-Pro-3.local scope=dapr.runtime.diagnostics type=log ver=1.16.1
time="2025-10-24T18:06:48.332774+01:00" level=info msg="Using default latency distribution buckets: [1 2 3 4 5 6 8 10 13 16 20 25 30 40 50 65 80 100 130 160 200 250 300 400 500 650 800 1000 2000 5000 10000 20000 50000 100000]" app_id=actor-service instance=Marks-MacBook-Pro-3.local scope=dapr.runtime.diagnostics type=log ver=1.16.1
time="2025-10-24T18:06:48.332908+01:00" level=warning msg="The default value for 'spec.metric.http.increasedCardinality' will change to 'false' in Dapr 1.15 or later" app_id=actor-service instance=Marks-MacBook-Pro-3.local scope=dapr.runtime.diagnostics type=log ver=1.16.1
time="2025-10-24T18:06:48.333249+01:00" level=info msg="standalone mode configured" app_id=actor-service instance=Marks-MacBook-Pro-3.local scope=dapr.runtime type=log ver=1.16.1
time="2025-10-24T18:06:48.33326+01:00" level=info msg="app id: actor-service" app_id=actor-service instance=Marks-MacBook-Pro-3.local scope=dapr.runtime type=log ver=1.16.1
time="2025-10-24T18:06:48.333504+01:00" level=info msg="Dapr trace sampler initialized: ParentBased{root:AlwaysOnSampler,remoteParentSampled:AlwaysOnSampler,remoteParentNotSampled:AlwaysOffSampler,localParentSampled:AlwaysOnSampler,localParentNotSampled:AlwaysOffSampler}" app_id=actor-service instance=Marks-MacBook-Pro-3.local scope=dapr.runtime type=log ver=1.16.1
time="2025-10-24T18:06:48.333508+01:00" level=info msg="metrics server started on 0.0.0.0:52043/" app_id=actor-service instance=Marks-MacBook-Pro-3.local scope=dapr.runtime type=log ver=1.16.1
time="2025-10-24T18:06:48.334388+01:00" level=info msg="local service entry announced: actor-service -> 172.19.248.73:52044" app_id=actor-service component="nr (mdns/v1)" instance=Marks-MacBook-Pro-3.local scope=dapr.contrib type=log ver=1.16.1
time="2025-10-24T18:06:48.334423+01:00" level=info msg="Initialized name resolution to mdns" app_id=actor-service instance=Marks-MacBook-Pro-3.local scope=dapr.runtime type=log ver=1.16.1
time="2025-10-24T18:06:48.334533+01:00" level=info msg="Loading components…" app_id=actor-service instance=Marks-MacBook-Pro-3.local scope=dapr.runtime type=log ver=1.16.1
time="2025-10-24T18:06:48.334833+01:00" level=info msg="Waiting for all outstanding components to be processed…" app_id=actor-service instance=Marks-MacBook-Pro-3.local scope=dapr.runtime type=log ver=1.16.1
time="2025-10-24T18:06:48.346296+01:00" level=info msg="Connected and received scheduler hosts addresses: [localhost:50006]" app_id=actor-service instance=Marks-MacBook-Pro-3.local scope=dapr.runtime.scheduler.watchhosts type=log ver=1.16.1
time="2025-10-24T18:06:48.346477+01:00" level=info msg="Scheduler client initialized for address: localhost:50006" app_id=actor-service instance=Marks-MacBook-Pro-3.local scope=dapr.runtime.scheduler.clients type=log ver=1.16.1
time="2025-10-24T18:06:48.346491+01:00" level=info msg="Scheduler clients initialized" app_id=actor-service instance=Marks-MacBook-Pro-3.local scope=dapr.runtime.scheduler.clients type=log ver=1.16.1
time="2025-10-24T18:06:48.355237+01:00" level=info msg="Using 'actorstore' as actor state store" app_id=actor-service instance=Marks-MacBook-Pro-3.local scope=dapr.runtime.processor.state type=log ver=1.16.1
time="2025-10-24T18:06:48.355299+01:00" level=info msg="Component loaded: actorstore (state.redis/v1)" app_id=actor-service instance=Marks-MacBook-Pro-3.local scope=dapr.runtime.processor type=log ver=1.16.1
time="2025-10-24T18:06:48.355321+01:00" level=info msg="All outstanding components processed" app_id=actor-service instance=Marks-MacBook-Pro-3.local scope=dapr.runtime type=log ver=1.16.1
time="2025-10-24T18:06:48.355331+01:00" level=info msg="Loading endpoints…" app_id=actor-service instance=Marks-MacBook-Pro-3.local scope=dapr.runtime type=log ver=1.16.1
time="2025-10-24T18:06:48.355949+01:00" level=info msg="Waiting for all outstanding http endpoints to be processed…" app_id=actor-service instance=Marks-MacBook-Pro-3.local scope=dapr.runtime type=log ver=1.16.1
time="2025-10-24T18:06:48.356035+01:00" level=info msg="All outstanding http endpoints processed" app_id=actor-service instance=Marks-MacBook-Pro-3.local scope=dapr.runtime type=log ver=1.16.1
time="2025-10-24T18:06:48.356052+01:00" level=info msg="Loading Declarative Subscriptions…" app_id=actor-service instance=Marks-MacBook-Pro-3.local scope=dapr.runtime type=log ver=1.16.1
time="2025-10-24T18:06:48.356401+01:00" level=info msg="gRPC server listening on TCP address: :52042" app_id=actor-service instance=Marks-MacBook-Pro-3.local scope=dapr.runtime.grpc.api type=log ver=1.16.1
time="2025-10-24T18:06:48.356451+01:00" level=info msg="Enabled gRPC tracing middleware" app_id=actor-service instance=Marks-MacBook-Pro-3.local scope=dapr.runtime.grpc.api type=log ver=1.16.1
time="2025-10-24T18:06:48.35646+01:00" level=info msg="Enabled gRPC metrics middleware" app_id=actor-service instance=Marks-MacBook-Pro-3.local scope=dapr.runtime.grpc.api type=log ver=1.16.1
time="2025-10-24T18:06:48.356513+01:00" level=info msg="Registering workflow engine for gRPC endpoint: [::]:52042" app_id=actor-service instance=Marks-MacBook-Pro-3.local scope=dapr.runtime.grpc.api type=log ver=1.16.1
time="2025-10-24T18:06:48.356539+01:00" level=info msg="API gRPC server is running on port 52042" app_id=actor-service instance=Marks-MacBook-Pro-3.local scope=dapr.runtime type=log ver=1.16.1
time="2025-10-24T18:06:48.356583+01:00" level=warning msg="The default value for 'spec.metric.http.increasedCardinality' will change to 'false' in Dapr 1.15 or later" app_id=actor-service instance=Marks-MacBook-Pro-3.local scope=dapr.runtime.http type=log ver=1.16.1
time="2025-10-24T18:06:48.356662+01:00" level=info msg="Enabled max body size HTTP middleware with size 4194304 bytes" app_id=actor-service instance=Marks-MacBook-Pro-3.local scope=dapr.runtime.http type=log ver=1.16.1
time="2025-10-24T18:06:48.356685+01:00" level=info msg="Enabled tracing HTTP middleware" app_id=actor-service instance=Marks-MacBook-Pro-3.local scope=dapr.runtime.http type=log ver=1.16.1
time="2025-10-24T18:06:48.356696+01:00" level=info msg="Enabled metrics HTTP middleware" app_id=actor-service instance=Marks-MacBook-Pro-3.local scope=dapr.runtime.http type=log ver=1.16.1
time="2025-10-24T18:06:48.356994+01:00" level=info msg="HTTP server listening on TCP address: :52041" app_id=actor-service instance=Marks-MacBook-Pro-3.local scope=dapr.runtime.http type=log ver=1.16.1
time="2025-10-24T18:06:48.357024+01:00" level=info msg="HTTP server is running on port 52041" app_id=actor-service instance=Marks-MacBook-Pro-3.local scope=dapr.runtime type=log ver=1.16.1
time="2025-10-24T18:06:48.357035+01:00" level=info msg="The request body size parameter is: 4194304 bytes" app_id=actor-service instance=Marks-MacBook-Pro-3.local scope=dapr.runtime type=log ver=1.16.1
time="2025-10-24T18:06:48.357063+01:00" level=info msg="gRPC server listening on TCP address: :52044" app_id=actor-service instance=Marks-MacBook-Pro-3.local scope=dapr.runtime.grpc.internal type=log ver=1.16.1
time="2025-10-24T18:06:48.357084+01:00" level=info msg="Enabled gRPC tracing middleware" app_id=actor-service instance=Marks-MacBook-Pro-3.local scope=dapr.runtime.grpc.internal type=log ver=1.16.1
time="2025-10-24T18:06:48.357091+01:00" level=info msg="Enabled gRPC metrics middleware" app_id=actor-service instance=Marks-MacBook-Pro-3.local scope=dapr.runtime.grpc.internal type=log ver=1.16.1
time="2025-10-24T18:06:48.357113+01:00" level=info msg="Internal gRPC server is running on :52044" app_id=actor-service instance=Marks-MacBook-Pro-3.local scope=dapr.runtime type=log ver=1.16.1
time="2025-10-24T18:06:48.357122+01:00" level=info msg="application protocol: http. waiting on port 5008.  This will block until the app is listening on that port." app_id=actor-service instance=Marks-MacBook-Pro-3.local scope=dapr.runtime type=log ver=1.16.1
Updating metadata for app command: dotnet run --framework net8.0 --urls http://localhost:5008
Updating metadata for appPID: 60810
You're up and running! Dapr logs will appear here.

time="2025-10-24T18:06:53.334359+01:00" level=info msg="[/v1.0/metadata/cliPID] Trace: 8e6c869cb8f17f1499292513e118c3b4 Span: 0000000000000000/5dcb9388cb373434 Time: [2025-10-24 18:06:49.273179 +0100 BST m=+0.980197960 ->  2025-10-24 18:06:49.273264875 +0100 BST m=+0.980283835] Annotations: []" instance=Marks-MacBook-Pro-3.local scope=dapr.runtime.trace type=log ver=1.16.1
time="2025-10-24T18:06:53.334485+01:00" level=info msg="[/v1.0/metadata/runTemplatePath] Trace: fdec01fb21be2c6b0cf54c7e985e41d1 Span: 0000000000000000/9faae6b6fb949d61 Time: [2025-10-24 18:06:49.273769 +0100 BST m=+0.980788501 ->  2025-10-24 18:06:49.27379 +0100 BST m=+0.980809501] Annotations: []" instance=Marks-MacBook-Pro-3.local scope=dapr.runtime.trace type=log ver=1.16.1
time="2025-10-24T18:06:53.334509+01:00" level=info msg="[/v1.0/metadata/runTemplateName] Trace: 785e0a953bb074460d0f8b4cb5c9ddad Span: 0000000000000000/829cbd96fc3292fd Time: [2025-10-24 18:06:49.274138 +0100 BST m=+0.981157501 ->  2025-10-24 18:06:49.274155875 +0100 BST m=+0.981175376] Annotations: []" instance=Marks-MacBook-Pro-3.local scope=dapr.runtime.trace type=log ver=1.16.1
time="2025-10-24T18:06:53.33454+01:00" level=info msg="[/v1.0/metadata/appLogPath] Trace: 6666b56c3a7f31cc7f6d1de74719637e Span: 0000000000000000/3b5b299c4906e236 Time: [2025-10-24 18:06:49.274507 +0100 BST m=+0.981526585 ->  2025-10-24 18:06:49.2745175 +0100 BST m=+0.981537085] Annotations: []" instance=Marks-MacBook-Pro-3.local scope=dapr.runtime.trace type=log ver=1.16.1
time="2025-10-24T18:06:53.334572+01:00" level=info msg="[/v1.0/metadata/daprdLogPath] Trace: 7907540f6ca405e51ad3ba1a5f156389 Span: 0000000000000000/d61c618c505f4be4 Time: [2025-10-24 18:06:49.274867 +0100 BST m=+0.981886293 ->  2025-10-24 18:06:49.274876167 +0100 BST m=+0.981895460] Annotations: []" instance=Marks-MacBook-Pro-3.local scope=dapr.runtime.trace type=log ver=1.16.1
time="2025-10-24T18:06:53.334595+01:00" level=info msg="[/v1.0/metadata/appCommand] Trace: 05ff93273eb96fd1d1f8f52373ff98b6 Span: 0000000000000000/0204e6c938a091da Time: [2025-10-24 18:06:49.275156 +0100 BST m=+0.982175001 ->  2025-10-24 18:06:49.27516425 +0100 BST m=+0.982183251] Annotations: []" instance=Marks-MacBook-Pro-3.local scope=dapr.runtime.trace type=log ver=1.16.1
time="2025-10-24T18:06:53.334616+01:00" level=info msg="[/v1.0/metadata/appPID] Trace: faa5b068bb7987162dde5c6630ec5118 Span: 0000000000000000/e66cff7088ea70aa Time: [2025-10-24 18:06:49.275392 +0100 BST m=+0.982411793 ->  2025-10-24 18:06:49.275400292 +0100 BST m=+0.982420085] Annotations: []" instance=Marks-MacBook-Pro-3.local scope=dapr.runtime.trace type=log ver=1.16.1
time="2025-10-24T18:06:53.334639+01:00" level=info msg="[/v1.0/metadata] Trace: e0e1db7e07989fd25107d1597f26d3ba Span: 0000000000000000/9719cb96d4397161 Time: [2025-10-24 18:06:49.284706 +0100 BST m=+0.991724918 ->  2025-10-24 18:06:49.285065042 +0100 BST m=+0.992083960] Annotations: []" instance=Marks-MacBook-Pro-3.local scope=dapr.runtime.trace type=log ver=1.16.1
time="2025-10-24T18:06:58.482666+01:00" level=info msg="waiting for application to listen on port 5008" app_id=actor-service instance=Marks-MacBook-Pro-3.local scope=dapr.runtime type=log ver=1.16.1
2025/10/24 18:07:03 traces export: context deadline exceeded: rpc error: code = Unavailable desc = connection error: desc = "transport: Error while dialing: dial tcp [::1]:4317: connect: connection refused"
time="2025-10-24T18:07:08.626786+01:00" level=info msg="waiting for application to listen on port 5008" app_id=actor-service instance=Marks-MacBook-Pro-3.local scope=dapr.runtime type=log ver=1.16.1
time="2025-10-24T18:07:18.77227+01:00" level=info msg="waiting for application to listen on port 5008" app_id=actor-service instance=Marks-MacBook-Pro-3.local scope=dapr.runtime type=log ver=1.16.1
time="2025-10-24T18:07:28.914471+01:00" level=info msg="waiting for application to listen on port 5008" app_id=actor-service instance=Marks-MacBook-Pro-3.local scope=dapr.runtime type=log ver=1.16.1
time="2025-10-24T18:07:39.057667+01:00" level=info msg="waiting for application to listen on port 5008" app_id=actor-service instance=Marks-MacBook-Pro-3.local scope=dapr.runtime type=log ver=1.16.1
time="2025-10-24T18:07:45.218678+01:00" level=info msg="Received signal 'interrupt'; beginning shutdown" app_id=actor-service instance=Marks-MacBook-Pro-3.local scope=dapr.signals type=log ver=1.16.1

termination signal received: shutting down
Exited Dapr successfully
