Starting Dapr with id actor-service. HTTP Port: 54832. gRPC Port: 54833
Updating metadata for cliPID: 62132
time="2025-10-24T18:09:16.663331+01:00" level=info msg="Starting Dapr Runtime -- version 1.16.1 -- commit 133e3847acd3bba2f0a22f9e82af25ef6a63f5a3" app_id=actor-service instance=Marks-MacBook-Pro-3.local scope=dapr.runtime type=log ver=1.16.1
time="2025-10-24T18:09:16.663377+01:00" level=info msg="Log level set to: info" app_id=actor-service instance=Marks-MacBook-Pro-3.local scope=dapr.runtime type=log ver=1.16.1
time="2025-10-24T18:09:16.663522+01:00" level=warning msg="mTLS is disabled. Skipping certificate request and tls validation" app_id=actor-service instance=Marks-MacBook-Pro-3.local scope=dapr.runtime.security type=log ver=1.16.1
time="2025-10-24T18:09:16.664003+01:00" level=info msg="Enabled features: SchedulerReminders" app_id=actor-service instance=Marks-MacBook-Pro-3.local scope=dapr.runtime type=log ver=1.16.1
time="2025-10-24T18:09:16.664086+01:00" level=info msg="metric spec: {\"enabled\":true}" app_id=actor-service instance=Marks-MacBook-Pro-3.local scope=dapr.runtime.diagnostics type=log ver=1.16.1
time="2025-10-24T18:09:16.664118+01:00" level=info msg="Using default latency distribution buckets: [1 2 3 4 5 6 8 10 13 16 20 25 30 40 50 65 80 100 130 160 200 250 300 400 500 650 800 1000 2000 5000 10000 20000 50000 100000]" app_id=actor-service instance=Marks-MacBook-Pro-3.local scope=dapr.runtime.diagnostics type=log ver=1.16.1
time="2025-10-24T18:09:16.664219+01:00" level=warning msg="The default value for 'spec.metric.http.increasedCardinality' will change to 'false' in Dapr 1.15 or later" app_id=actor-service instance=Marks-MacBook-Pro-3.local scope=dapr.runtime.diagnostics type=log ver=1.16.1
time="2025-10-24T18:09:16.664594+01:00" level=info msg="standalone mode configured" app_id=actor-service instance=Marks-MacBook-Pro-3.local scope=dapr.runtime type=log ver=1.16.1
time="2025-10-24T18:09:16.664638+01:00" level=info msg="app id: actor-service" app_id=actor-service instance=Marks-MacBook-Pro-3.local scope=dapr.runtime type=log ver=1.16.1
time="2025-10-24T18:09:16.664763+01:00" level=info msg="metrics server started on 0.0.0.0:54834/" app_id=actor-service instance=Marks-MacBook-Pro-3.local scope=dapr.runtime type=log ver=1.16.1
time="2025-10-24T18:09:16.66486+01:00" level=info msg="Dapr trace sampler initialized: ParentBased{root:AlwaysOnSampler,remoteParentSampled:AlwaysOnSampler,remoteParentNotSampled:AlwaysOffSampler,localParentSampled:AlwaysOnSampler,localParentNotSampled:AlwaysOffSampler}" app_id=actor-service instance=Marks-MacBook-Pro-3.local scope=dapr.runtime type=log ver=1.16.1
time="2025-10-24T18:09:16.6655+01:00" level=info msg="local service entry announced: actor-service -> 172.19.248.73:54835" app_id=actor-service component="nr (mdns/v1)" instance=Marks-MacBook-Pro-3.local scope=dapr.contrib type=log ver=1.16.1
time="2025-10-24T18:09:16.665523+01:00" level=info msg="Initialized name resolution to mdns" app_id=actor-service instance=Marks-MacBook-Pro-3.local scope=dapr.runtime type=log ver=1.16.1
time="2025-10-24T18:09:16.665611+01:00" level=info msg="Loading components…" app_id=actor-service instance=Marks-MacBook-Pro-3.local scope=dapr.runtime type=log ver=1.16.1
time="2025-10-24T18:09:16.665908+01:00" level=info msg="Waiting for all outstanding components to be processed…" app_id=actor-service instance=Marks-MacBook-Pro-3.local scope=dapr.runtime type=log ver=1.16.1
time="2025-10-24T18:09:16.67579+01:00" level=info msg="Connected and received scheduler hosts addresses: [localhost:50006]" app_id=actor-service instance=Marks-MacBook-Pro-3.local scope=dapr.runtime.scheduler.watchhosts type=log ver=1.16.1
time="2025-10-24T18:09:16.675981+01:00" level=info msg="Scheduler client initialized for address: localhost:50006" app_id=actor-service instance=Marks-MacBook-Pro-3.local scope=dapr.runtime.scheduler.clients type=log ver=1.16.1
time="2025-10-24T18:09:16.675998+01:00" level=info msg="Scheduler clients initialized" app_id=actor-service instance=Marks-MacBook-Pro-3.local scope=dapr.runtime.scheduler.clients type=log ver=1.16.1
time="2025-10-24T18:09:16.680361+01:00" level=info msg="Using 'actorstore' as actor state store" app_id=actor-service instance=Marks-MacBook-Pro-3.local scope=dapr.runtime.processor.state type=log ver=1.16.1
time="2025-10-24T18:09:16.680425+01:00" level=info msg="Component loaded: actorstore (state.redis/v1)" app_id=actor-service instance=Marks-MacBook-Pro-3.local scope=dapr.runtime.processor type=log ver=1.16.1
time="2025-10-24T18:09:16.680441+01:00" level=info msg="All outstanding components processed" app_id=actor-service instance=Marks-MacBook-Pro-3.local scope=dapr.runtime type=log ver=1.16.1
time="2025-10-24T18:09:16.68045+01:00" level=info msg="Loading endpoints…" app_id=actor-service instance=Marks-MacBook-Pro-3.local scope=dapr.runtime type=log ver=1.16.1
time="2025-10-24T18:09:16.680689+01:00" level=info msg="Waiting for all outstanding http endpoints to be processed…" app_id=actor-service instance=Marks-MacBook-Pro-3.local scope=dapr.runtime type=log ver=1.16.1
time="2025-10-24T18:09:16.680706+01:00" level=info msg="All outstanding http endpoints processed" app_id=actor-service instance=Marks-MacBook-Pro-3.local scope=dapr.runtime type=log ver=1.16.1
time="2025-10-24T18:09:16.680714+01:00" level=info msg="Loading Declarative Subscriptions…" app_id=actor-service instance=Marks-MacBook-Pro-3.local scope=dapr.runtime type=log ver=1.16.1
time="2025-10-24T18:09:16.680967+01:00" level=info msg="gRPC server listening on TCP address: :54833" app_id=actor-service instance=Marks-MacBook-Pro-3.local scope=dapr.runtime.grpc.api type=log ver=1.16.1
time="2025-10-24T18:09:16.680982+01:00" level=info msg="Enabled gRPC tracing middleware" app_id=actor-service instance=Marks-MacBook-Pro-3.local scope=dapr.runtime.grpc.api type=log ver=1.16.1
time="2025-10-24T18:09:16.680989+01:00" level=info msg="Enabled gRPC metrics middleware" app_id=actor-service instance=Marks-MacBook-Pro-3.local scope=dapr.runtime.grpc.api type=log ver=1.16.1
time="2025-10-24T18:09:16.681035+01:00" level=info msg="Registering workflow engine for gRPC endpoint: [::]:54833" app_id=actor-service instance=Marks-MacBook-Pro-3.local scope=dapr.runtime.grpc.api type=log ver=1.16.1
time="2025-10-24T18:09:16.681059+01:00" level=info msg="API gRPC server is running on port 54833" app_id=actor-service instance=Marks-MacBook-Pro-3.local scope=dapr.runtime type=log ver=1.16.1
time="2025-10-24T18:09:16.681083+01:00" level=warning msg="The default value for 'spec.metric.http.increasedCardinality' will change to 'false' in Dapr 1.15 or later" app_id=actor-service instance=Marks-MacBook-Pro-3.local scope=dapr.runtime.http type=log ver=1.16.1
time="2025-10-24T18:09:16.681117+01:00" level=info msg="Enabled max body size HTTP middleware with size 4194304 bytes" app_id=actor-service instance=Marks-MacBook-Pro-3.local scope=dapr.runtime.http type=log ver=1.16.1
time="2025-10-24T18:09:16.681124+01:00" level=info msg="Enabled tracing HTTP middleware" app_id=actor-service instance=Marks-MacBook-Pro-3.local scope=dapr.runtime.http type=log ver=1.16.1
time="2025-10-24T18:09:16.681131+01:00" level=info msg="Enabled metrics HTTP middleware" app_id=actor-service instance=Marks-MacBook-Pro-3.local scope=dapr.runtime.http type=log ver=1.16.1
time="2025-10-24T18:09:16.681324+01:00" level=info msg="HTTP server listening on TCP address: :54832" app_id=actor-service instance=Marks-MacBook-Pro-3.local scope=dapr.runtime.http type=log ver=1.16.1
time="2025-10-24T18:09:16.681343+01:00" level=info msg="HTTP server is running on port 54832" app_id=actor-service instance=Marks-MacBook-Pro-3.local scope=dapr.runtime type=log ver=1.16.1
time="2025-10-24T18:09:16.68135+01:00" level=info msg="The request body size parameter is: 4194304 bytes" app_id=actor-service instance=Marks-MacBook-Pro-3.local scope=dapr.runtime type=log ver=1.16.1
time="2025-10-24T18:09:16.681385+01:00" level=info msg="gRPC server listening on TCP address: :54835" app_id=actor-service instance=Marks-MacBook-Pro-3.local scope=dapr.runtime.grpc.internal type=log ver=1.16.1
time="2025-10-24T18:09:16.681396+01:00" level=info msg="Enabled gRPC tracing middleware" app_id=actor-service instance=Marks-MacBook-Pro-3.local scope=dapr.runtime.grpc.internal type=log ver=1.16.1
time="2025-10-24T18:09:16.681415+01:00" level=info msg="Enabled gRPC metrics middleware" app_id=actor-service instance=Marks-MacBook-Pro-3.local scope=dapr.runtime.grpc.internal type=log ver=1.16.1
time="2025-10-24T18:09:16.681432+01:00" level=info msg="Internal gRPC server is running on :54835" app_id=actor-service instance=Marks-MacBook-Pro-3.local scope=dapr.runtime type=log ver=1.16.1
time="2025-10-24T18:09:16.68144+01:00" level=info msg="application protocol: http. waiting on port 5008.  This will block until the app is listening on that port." app_id=actor-service instance=Marks-MacBook-Pro-3.local scope=dapr.runtime type=log ver=1.16.1
Updating metadata for app command: dotnet  run --framework net8.0 --urls http://localhost:5008
Updating metadata for appPID: 62140
You're up and running! Dapr logs will appear here.

time="2025-10-24T18:09:21.665285+01:00" level=info msg="[/v1.0/metadata/cliPID] Trace: 53f2eb449d7d402aa9a6d78880580f7e Span: 0000000000000000/d18770bf36648bef Time: [2025-10-24 18:09:17.606567 +0100 BST m=+0.978965959 ->  2025-10-24 18:09:17.606681167 +0100 BST m=+0.979080126] Annotations: []" instance=Marks-MacBook-Pro-3.local scope=dapr.runtime.trace type=log ver=1.16.1
time="2025-10-24T18:09:21.665426+01:00" level=info msg="[/v1.0/metadata/runTemplatePath] Trace: 86fe950d226aab6d7b5b9c763a454df0 Span: 0000000000000000/42eb77749463124f Time: [2025-10-24 18:09:17.607279 +0100 BST m=+0.979677876 ->  2025-10-24 18:09:17.607303208 +0100 BST m=+0.979702084] Annotations: []" instance=Marks-MacBook-Pro-3.local scope=dapr.runtime.trace type=log ver=1.16.1
time="2025-10-24T18:09:21.665536+01:00" level=info msg="[/v1.0/metadata/runTemplateName] Trace: 9c8c93da4d9e3b98c685bb86f72c4013 Span: 0000000000000000/d2f5372edd4850ef Time: [2025-10-24 18:09:17.607696 +0100 BST m=+0.980094543 ->  2025-10-24 18:09:17.607720875 +0100 BST m=+0.980119418] Annotations: []" instance=Marks-MacBook-Pro-3.local scope=dapr.runtime.trace type=log ver=1.16.1
time="2025-10-24T18:09:21.665559+01:00" level=info msg="[/v1.0/metadata/appLogPath] Trace: 809603efc972c81a19aba453190d2ef6 Span: 0000000000000000/9a048340b9ec712a Time: [2025-10-24 18:09:17.60809 +0100 BST m=+0.980489334 ->  2025-10-24 18:09:17.608128334 +0100 BST m=+0.980527668] Annotations: []" instance=Marks-MacBook-Pro-3.local scope=dapr.runtime.trace type=log ver=1.16.1
time="2025-10-24T18:09:21.665581+01:00" level=info msg="[/v1.0/metadata/daprdLogPath] Trace: 0e5f0f55f11482f1548c81dfdaa794b5 Span: 0000000000000000/0211cbdcaa44505c Time: [2025-10-24 18:09:17.608517 +0100 BST m=+0.980916209 ->  2025-10-24 18:09:17.60853925 +0100 BST m=+0.980938459] Annotations: []" instance=Marks-MacBook-Pro-3.local scope=dapr.runtime.trace type=log ver=1.16.1
time="2025-10-24T18:09:21.665603+01:00" level=info msg="[/v1.0/metadata/appCommand] Trace: b4fba4fd59d1fb0b56af8c5cdbe46ed9 Span: 0000000000000000/7daea089a455cb29 Time: [2025-10-24 18:09:17.608898 +0100 BST m=+0.981297334 ->  2025-10-24 18:09:17.608932292 +0100 BST m=+0.981331626] Annotations: []" instance=Marks-MacBook-Pro-3.local scope=dapr.runtime.trace type=log ver=1.16.1
time="2025-10-24T18:09:21.665623+01:00" level=info msg="[/v1.0/metadata/appPID] Trace: 9b4ef1e150fc427631c087d509d8fbe8 Span: 0000000000000000/ac30fea8f6728b00 Time: [2025-10-24 18:09:17.609379 +0100 BST m=+0.981777543 ->  2025-10-24 18:09:17.609391916 +0100 BST m=+0.981790459] Annotations: []" instance=Marks-MacBook-Pro-3.local scope=dapr.runtime.trace type=log ver=1.16.1
time="2025-10-24T18:09:21.665642+01:00" level=info msg="[/v1.0/metadata] Trace: 12ef443f26d67ee99bef8c674f25625d Span: 0000000000000000/8665d28103a4e472 Time: [2025-10-24 18:09:17.618356 +0100 BST m=+0.990754876 ->  2025-10-24 18:09:17.618697333 +0100 BST m=+0.991096209] Annotations: []" instance=Marks-MacBook-Pro-3.local scope=dapr.runtime.trace type=log ver=1.16.1
time="2025-10-24T18:09:26.808781+01:00" level=info msg="waiting for application to listen on port 5008" app_id=actor-service instance=Marks-MacBook-Pro-3.local scope=dapr.runtime type=log ver=1.16.1
2025/10/24 18:09:31 traces export: context deadline exceeded: rpc error: code = Unavailable desc = connection error: desc = "transport: Error while dialing: dial tcp 127.0.0.1:4317: connect: connection refused"
time="2025-10-24T18:09:36.95363+01:00" level=info msg="waiting for application to listen on port 5008" app_id=actor-service instance=Marks-MacBook-Pro-3.local scope=dapr.runtime type=log ver=1.16.1
time="2025-10-24T18:09:47.091729+01:00" level=info msg="waiting for application to listen on port 5008" app_id=actor-service instance=Marks-MacBook-Pro-3.local scope=dapr.runtime type=log ver=1.16.1
time="2025-10-24T18:09:57.236517+01:00" level=info msg="waiting for application to listen on port 5008" app_id=actor-service instance=Marks-MacBook-Pro-3.local scope=dapr.runtime type=log ver=1.16.1
time="2025-10-24T18:10:07.374017+01:00" level=info msg="waiting for application to listen on port 5008" app_id=actor-service instance=Marks-MacBook-Pro-3.local scope=dapr.runtime type=log ver=1.16.1
time="2025-10-24T18:10:17.525475+01:00" level=info msg="waiting for application to listen on port 5008" app_id=actor-service instance=Marks-MacBook-Pro-3.local scope=dapr.runtime type=log ver=1.16.1
time="2025-10-24T18:10:27.672404+01:00" level=info msg="waiting for application to listen on port 5008" app_id=actor-service instance=Marks-MacBook-Pro-3.local scope=dapr.runtime type=log ver=1.16.1
time="2025-10-24T18:10:28.261784+01:00" level=info msg="Received signal 'interrupt'; beginning shutdown" app_id=actor-service instance=Marks-MacBook-Pro-3.local scope=dapr.signals type=log ver=1.16.1

termination signal received: shutting down
time="2025-10-24T18:10:28.263002+01:00" level=info msg="Closing HTTP server [::]:54832…" app_id=actor-service instance=Marks-MacBook-Pro-3.local scope=dapr.runtime.http type=log ver=1.16.1
time="2025-10-24T18:10:28.263104+01:00" level=info msg="stopping mDNS server for app id: actor-service" app_id=actor-service component="nr (mdns/v1)" instance=Marks-MacBook-Pro-3.local scope=dapr.contrib type=log ver=1.16.1
Exited Dapr successfully
