Starting Dapr with id actor-service. HTTP Port: 49159. gRPC Port: 49160
Updating metadata for cliPID: 59480
time="2025-10-24T18:04:14.556001+01:00" level=info msg="Starting Dapr Runtime -- version 1.16.1 -- commit 133e3847acd3bba2f0a22f9e82af25ef6a63f5a3" app_id=actor-service instance=Marks-MacBook-Pro-3.local scope=dapr.runtime type=log ver=1.16.1
time="2025-10-24T18:04:14.556465+01:00" level=info msg="Log level set to: info" app_id=actor-service instance=Marks-MacBook-Pro-3.local scope=dapr.runtime type=log ver=1.16.1
time="2025-10-24T18:04:14.557141+01:00" level=warning msg="mTLS is disabled. Skipping certificate request and tls validation" app_id=actor-service instance=Marks-MacBook-Pro-3.local scope=dapr.runtime.security type=log ver=1.16.1
time="2025-10-24T18:04:14.562784+01:00" level=info msg="Enabled features: SchedulerReminders" app_id=actor-service instance=Marks-MacBook-Pro-3.local scope=dapr.runtime type=log ver=1.16.1
time="2025-10-24T18:04:14.563016+01:00" level=info msg="metric spec: {\"enabled\":true}" app_id=actor-service instance=Marks-MacBook-Pro-3.local scope=dapr.runtime.diagnostics type=log ver=1.16.1
time="2025-10-24T18:04:14.563046+01:00" level=info msg="Using default latency distribution buckets: [1 2 3 4 5 6 8 10 13 16 20 25 30 40 50 65 80 100 130 160 200 250 300 400 500 650 800 1000 2000 5000 10000 20000 50000 100000]" app_id=actor-service instance=Marks-MacBook-Pro-3.local scope=dapr.runtime.diagnostics type=log ver=1.16.1
time="2025-10-24T18:04:14.563523+01:00" level=warning msg="The default value for 'spec.metric.http.increasedCardinality' will change to 'false' in Dapr 1.15 or later" app_id=actor-service instance=Marks-MacBook-Pro-3.local scope=dapr.runtime.diagnostics type=log ver=1.16.1
time="2025-10-24T18:04:14.565483+01:00" level=info msg="standalone mode configured" app_id=actor-service instance=Marks-MacBook-Pro-3.local scope=dapr.runtime type=log ver=1.16.1
time="2025-10-24T18:04:14.565508+01:00" level=info msg="app id: actor-service" app_id=actor-service instance=Marks-MacBook-Pro-3.local scope=dapr.runtime type=log ver=1.16.1
time="2025-10-24T18:04:14.566904+01:00" level=info msg="metrics server started on 0.0.0.0:49161/" app_id=actor-service instance=Marks-MacBook-Pro-3.local scope=dapr.runtime type=log ver=1.16.1
time="2025-10-24T18:04:14.567461+01:00" level=info msg="Dapr trace sampler initialized: ParentBased{root:AlwaysOnSampler,remoteParentSampled:AlwaysOnSampler,remoteParentNotSampled:AlwaysOffSampler,localParentSampled:AlwaysOnSampler,localParentNotSampled:AlwaysOffSampler}" app_id=actor-service instance=Marks-MacBook-Pro-3.local scope=dapr.runtime type=log ver=1.16.1
time="2025-10-24T18:04:14.569976+01:00" level=info msg="local service entry announced: actor-service -> 172.19.248.73:49162" app_id=actor-service component="nr (mdns/v1)" instance=Marks-MacBook-Pro-3.local scope=dapr.contrib type=log ver=1.16.1
time="2025-10-24T18:04:14.570011+01:00" level=info msg="Initialized name resolution to mdns" app_id=actor-service instance=Marks-MacBook-Pro-3.local scope=dapr.runtime type=log ver=1.16.1
time="2025-10-24T18:04:14.570634+01:00" level=info msg="Loading components…" app_id=actor-service instance=Marks-MacBook-Pro-3.local scope=dapr.runtime type=log ver=1.16.1
time="2025-10-24T18:04:14.571301+01:00" level=info msg="Waiting for all outstanding components to be processed…" app_id=actor-service instance=Marks-MacBook-Pro-3.local scope=dapr.runtime type=log ver=1.16.1
time="2025-10-24T18:04:14.584823+01:00" level=info msg="Connected and received scheduler hosts addresses: [localhost:50006]" app_id=actor-service instance=Marks-MacBook-Pro-3.local scope=dapr.runtime.scheduler.watchhosts type=log ver=1.16.1
time="2025-10-24T18:04:14.585012+01:00" level=info msg="Scheduler client initialized for address: localhost:50006" app_id=actor-service instance=Marks-MacBook-Pro-3.local scope=dapr.runtime.scheduler.clients type=log ver=1.16.1
time="2025-10-24T18:04:14.585026+01:00" level=info msg="Scheduler clients initialized" app_id=actor-service instance=Marks-MacBook-Pro-3.local scope=dapr.runtime.scheduler.clients type=log ver=1.16.1
time="2025-10-24T18:04:14.590394+01:00" level=info msg="Using 'actorstore' as actor state store" app_id=actor-service instance=Marks-MacBook-Pro-3.local scope=dapr.runtime.processor.state type=log ver=1.16.1
time="2025-10-24T18:04:14.590476+01:00" level=info msg="Component loaded: actorstore (state.redis/v1)" app_id=actor-service instance=Marks-MacBook-Pro-3.local scope=dapr.runtime.processor type=log ver=1.16.1
time="2025-10-24T18:04:14.590498+01:00" level=info msg="All outstanding components processed" app_id=actor-service instance=Marks-MacBook-Pro-3.local scope=dapr.runtime type=log ver=1.16.1
time="2025-10-24T18:04:14.590508+01:00" level=info msg="Loading endpoints…" app_id=actor-service instance=Marks-MacBook-Pro-3.local scope=dapr.runtime type=log ver=1.16.1
time="2025-10-24T18:04:14.590774+01:00" level=info msg="Waiting for all outstanding http endpoints to be processed…" app_id=actor-service instance=Marks-MacBook-Pro-3.local scope=dapr.runtime type=log ver=1.16.1
time="2025-10-24T18:04:14.590806+01:00" level=info msg="All outstanding http endpoints processed" app_id=actor-service instance=Marks-MacBook-Pro-3.local scope=dapr.runtime type=log ver=1.16.1
time="2025-10-24T18:04:14.590815+01:00" level=info msg="Loading Declarative Subscriptions…" app_id=actor-service instance=Marks-MacBook-Pro-3.local scope=dapr.runtime type=log ver=1.16.1
time="2025-10-24T18:04:14.591537+01:00" level=info msg="gRPC server listening on TCP address: :49160" app_id=actor-service instance=Marks-MacBook-Pro-3.local scope=dapr.runtime.grpc.api type=log ver=1.16.1
time="2025-10-24T18:04:14.591601+01:00" level=info msg="Enabled gRPC tracing middleware" app_id=actor-service instance=Marks-MacBook-Pro-3.local scope=dapr.runtime.grpc.api type=log ver=1.16.1
time="2025-10-24T18:04:14.59161+01:00" level=info msg="Enabled gRPC metrics middleware" app_id=actor-service instance=Marks-MacBook-Pro-3.local scope=dapr.runtime.grpc.api type=log ver=1.16.1
time="2025-10-24T18:04:14.591888+01:00" level=info msg="Registering workflow engine for gRPC endpoint: [::]:49160" app_id=actor-service instance=Marks-MacBook-Pro-3.local scope=dapr.runtime.grpc.api type=log ver=1.16.1
time="2025-10-24T18:04:14.592357+01:00" level=info msg="API gRPC server is running on port 49160" app_id=actor-service instance=Marks-MacBook-Pro-3.local scope=dapr.runtime type=log ver=1.16.1
time="2025-10-24T18:04:14.593474+01:00" level=warning msg="The default value for 'spec.metric.http.increasedCardinality' will change to 'false' in Dapr 1.15 or later" app_id=actor-service instance=Marks-MacBook-Pro-3.local scope=dapr.runtime.http type=log ver=1.16.1
time="2025-10-24T18:04:14.593753+01:00" level=info msg="Enabled max body size HTTP middleware with size 4194304 bytes" app_id=actor-service instance=Marks-MacBook-Pro-3.local scope=dapr.runtime.http type=log ver=1.16.1
time="2025-10-24T18:04:14.593769+01:00" level=info msg="Enabled tracing HTTP middleware" app_id=actor-service instance=Marks-MacBook-Pro-3.local scope=dapr.runtime.http type=log ver=1.16.1
time="2025-10-24T18:04:14.593775+01:00" level=info msg="Enabled metrics HTTP middleware" app_id=actor-service instance=Marks-MacBook-Pro-3.local scope=dapr.runtime.http type=log ver=1.16.1
time="2025-10-24T18:04:14.595192+01:00" level=info msg="HTTP server listening on TCP address: :49159" app_id=actor-service instance=Marks-MacBook-Pro-3.local scope=dapr.runtime.http type=log ver=1.16.1
time="2025-10-24T18:04:14.595454+01:00" level=info msg="HTTP server is running on port 49159" app_id=actor-service instance=Marks-MacBook-Pro-3.local scope=dapr.runtime type=log ver=1.16.1
time="2025-10-24T18:04:14.59548+01:00" level=info msg="The request body size parameter is: 4194304 bytes" app_id=actor-service instance=Marks-MacBook-Pro-3.local scope=dapr.runtime type=log ver=1.16.1
time="2025-10-24T18:04:14.59556+01:00" level=info msg="gRPC server listening on TCP address: :49162" app_id=actor-service instance=Marks-MacBook-Pro-3.local scope=dapr.runtime.grpc.internal type=log ver=1.16.1
time="2025-10-24T18:04:14.595575+01:00" level=info msg="Enabled gRPC tracing middleware" app_id=actor-service instance=Marks-MacBook-Pro-3.local scope=dapr.runtime.grpc.internal type=log ver=1.16.1
time="2025-10-24T18:04:14.595599+01:00" level=info msg="Enabled gRPC metrics middleware" app_id=actor-service instance=Marks-MacBook-Pro-3.local scope=dapr.runtime.grpc.internal type=log ver=1.16.1
time="2025-10-24T18:04:14.595648+01:00" level=info msg="Internal gRPC server is running on :49162" app_id=actor-service instance=Marks-MacBook-Pro-3.local scope=dapr.runtime type=log ver=1.16.1
time="2025-10-24T18:04:14.595657+01:00" level=info msg="application protocol: http. waiting on port 5008.  This will block until the app is listening on that port." app_id=actor-service instance=Marks-MacBook-Pro-3.local scope=dapr.runtime type=log ver=1.16.1
Updating metadata for app command: dotnet run
Updating metadata for appPID: 59484
You're up and running! Dapr logs will appear here.

time="2025-10-24T18:04:19.569738+01:00" level=info msg="[/v1.0/metadata/cliPID] Trace: 3cb2f6157085b516c9adad8c7b2f58b1 Span: 0000000000000000/f084c43c388fd7aa Time: [2025-10-24 18:04:15.489895 +0100 BST m=+0.985841667 ->  2025-10-24 18:04:15.490614625 +0100 BST m=+0.986561292] Annotations: []" instance=Marks-MacBook-Pro-3.local scope=dapr.runtime.trace type=log ver=1.16.1
time="2025-10-24T18:04:19.569857+01:00" level=info msg="[/v1.0/metadata/runTemplatePath] Trace: 7157d8e549fbe88ec2385c0a2976ef50 Span: 0000000000000000/ba268df77c0cffda Time: [2025-10-24 18:04:15.491369 +0100 BST m=+0.987315792 ->  2025-10-24 18:04:15.491401834 +0100 BST m=+0.987348626] Annotations: []" instance=Marks-MacBook-Pro-3.local scope=dapr.runtime.trace type=log ver=1.16.1
time="2025-10-24T18:04:19.569926+01:00" level=info msg="[/v1.0/metadata/runTemplateName] Trace: cd242db66c0c84297b19567446c568dd Span: 0000000000000000/9e1a09c30948cf6e Time: [2025-10-24 18:04:15.491897 +0100 BST m=+0.987843626 ->  2025-10-24 18:04:15.491915625 +0100 BST m=+0.987862251] Annotations: []" instance=Marks-MacBook-Pro-3.local scope=dapr.runtime.trace type=log ver=1.16.1
time="2025-10-24T18:04:19.569972+01:00" level=info msg="[/v1.0/metadata/appLogPath] Trace: 954ca1c8585920f1303c9da7e6d472a5 Span: 0000000000000000/44a940476c9c193b Time: [2025-10-24 18:04:15.492239 +0100 BST m=+0.988185376 ->  2025-10-24 18:04:15.492251291 +0100 BST m=+0.988197667] Annotations: []" instance=Marks-MacBook-Pro-3.local scope=dapr.runtime.trace type=log ver=1.16.1
time="2025-10-24T18:04:19.570033+01:00" level=info msg="[/v1.0/metadata/daprdLogPath] Trace: 297144104d3d924e5d4d95de951cc847 Span: 0000000000000000/204e6612c18464b0 Time: [2025-10-24 18:04:15.492643 +0100 BST m=+0.988589417 ->  2025-10-24 18:04:15.492667417 +0100 BST m=+0.988613834] Annotations: []" instance=Marks-MacBook-Pro-3.local scope=dapr.runtime.trace type=log ver=1.16.1
time="2025-10-24T18:04:19.570076+01:00" level=info msg="[/v1.0/metadata/appCommand] Trace: a499630da9828f4ecd7cb28e2c8fab46 Span: 0000000000000000/340a458285805ddb Time: [2025-10-24 18:04:15.493095 +0100 BST m=+0.989041209 ->  2025-10-24 18:04:15.493115542 +0100 BST m=+0.989061751] Annotations: []" instance=Marks-MacBook-Pro-3.local scope=dapr.runtime.trace type=log ver=1.16.1
time="2025-10-24T18:04:19.570118+01:00" level=info msg="[/v1.0/metadata/appPID] Trace: 78fbc73ca38d958183dd02c28ceb3ccc Span: 0000000000000000/54775f995962bdb0 Time: [2025-10-24 18:04:15.493601 +0100 BST m=+0.989547209 ->  2025-10-24 18:04:15.493625333 +0100 BST m=+0.989571542] Annotations: []" instance=Marks-MacBook-Pro-3.local scope=dapr.runtime.trace type=log ver=1.16.1
time="2025-10-24T18:04:19.570157+01:00" level=info msg="[/v1.0/metadata] Trace: 8e54b9ef7aa0576c62d2dcb1150becb1 Span: 0000000000000000/8ce7050be6b25ea3 Time: [2025-10-24 18:04:15.509296 +0100 BST m=+1.005242542 ->  2025-10-24 18:04:15.509906417 +0100 BST m=+1.005852959] Annotations: []" instance=Marks-MacBook-Pro-3.local scope=dapr.runtime.trace type=log ver=1.16.1
time="2025-10-24T18:04:24.732941+01:00" level=info msg="waiting for application to listen on port 5008" app_id=actor-service instance=Marks-MacBook-Pro-3.local scope=dapr.runtime type=log ver=1.16.1
2025/10/24 18:04:29 traces export: context deadline exceeded: rpc error: code = Unavailable desc = connection error: desc = "transport: Error while dialing: dial tcp [::1]:4317: connect: connection refused"
time="2025-10-24T18:04:34.897348+01:00" level=info msg="waiting for application to listen on port 5008" app_id=actor-service instance=Marks-MacBook-Pro-3.local scope=dapr.runtime type=log ver=1.16.1
time="2025-10-24T18:04:45.029849+01:00" level=info msg="waiting for application to listen on port 5008" app_id=actor-service instance=Marks-MacBook-Pro-3.local scope=dapr.runtime type=log ver=1.16.1
time="2025-10-24T18:04:55.167114+01:00" level=info msg="waiting for application to listen on port 5008" app_id=actor-service instance=Marks-MacBook-Pro-3.local scope=dapr.runtime type=log ver=1.16.1
time="2025-10-24T18:05:05.312912+01:00" level=info msg="waiting for application to listen on port 5008" app_id=actor-service instance=Marks-MacBook-Pro-3.local scope=dapr.runtime type=log ver=1.16.1
time="2025-10-24T18:05:15.44633+01:00" level=info msg="waiting for application to listen on port 5008" app_id=actor-service instance=Marks-MacBook-Pro-3.local scope=dapr.runtime type=log ver=1.16.1
time="2025-10-24T18:05:25.588045+01:00" level=info msg="waiting for application to listen on port 5008" app_id=actor-service instance=Marks-MacBook-Pro-3.local scope=dapr.runtime type=log ver=1.16.1
time="2025-10-24T18:05:35.727025+01:00" level=info msg="waiting for application to listen on port 5008" app_id=actor-service instance=Marks-MacBook-Pro-3.local scope=dapr.runtime type=log ver=1.16.1
time="2025-10-24T18:05:45.865126+01:00" level=info msg="waiting for application to listen on port 5008" app_id=actor-service instance=Marks-MacBook-Pro-3.local scope=dapr.runtime type=log ver=1.16.1
time="2025-10-24T18:05:56.010036+01:00" level=info msg="waiting for application to listen on port 5008" app_id=actor-service instance=Marks-MacBook-Pro-3.local scope=dapr.runtime type=log ver=1.16.1
time="2025-10-24T18:06:06.155753+01:00" level=info msg="waiting for application to listen on port 5008" app_id=actor-service instance=Marks-MacBook-Pro-3.local scope=dapr.runtime type=log ver=1.16.1
time="2025-10-24T18:06:16.304404+01:00" level=info msg="waiting for application to listen on port 5008" app_id=actor-service instance=Marks-MacBook-Pro-3.local scope=dapr.runtime type=log ver=1.16.1
time="2025-10-24T18:06:26.445445+01:00" level=info msg="waiting for application to listen on port 5008" app_id=actor-service instance=Marks-MacBook-Pro-3.local scope=dapr.runtime type=log ver=1.16.1
time="2025-10-24T18:06:36.581643+01:00" level=info msg="waiting for application to listen on port 5008" app_id=actor-service instance=Marks-MacBook-Pro-3.local scope=dapr.runtime type=log ver=1.16.1

termination signal received: shutting down
time="2025-10-24T18:06:46.516467+01:00" level=info msg="Received signal 'interrupt'; beginning shutdown" app_id=actor-service instance=Marks-MacBook-Pro-3.local scope=dapr.signals type=log ver=1.16.1
Exited Dapr successfully
