Starting Dapr with id actor-service. HTTP Port: 53162. gRPC Port: 53163
Updating metadata for cliPID: 61348
time="2025-10-24T18:07:47.131359+01:00" level=info msg="Starting Dapr Runtime -- version 1.16.1 -- commit 133e3847acd3bba2f0a22f9e82af25ef6a63f5a3" app_id=actor-service instance=Marks-MacBook-Pro-3.local scope=dapr.runtime type=log ver=1.16.1
time="2025-10-24T18:07:47.131417+01:00" level=info msg="Log level set to: info" app_id=actor-service instance=Marks-MacBook-Pro-3.local scope=dapr.runtime type=log ver=1.16.1
time="2025-10-24T18:07:47.131599+01:00" level=warning msg="mTLS is disabled. Skipping certificate request and tls validation" app_id=actor-service instance=Marks-MacBook-Pro-3.local scope=dapr.runtime.security type=log ver=1.16.1
time="2025-10-24T18:07:47.132025+01:00" level=info msg="Enabled features: SchedulerReminders" app_id=actor-service instance=Marks-MacBook-Pro-3.local scope=dapr.runtime type=log ver=1.16.1
time="2025-10-24T18:07:47.132095+01:00" level=info msg="metric spec: {\"enabled\":true}" app_id=actor-service instance=Marks-MacBook-Pro-3.local scope=dapr.runtime.diagnostics type=log ver=1.16.1
time="2025-10-24T18:07:47.132121+01:00" level=info msg="Using default latency distribution buckets: [1 2 3 4 5 6 8 10 13 16 20 25 30 40 50 65 80 100 130 160 200 250 300 400 500 650 800 1000 2000 5000 10000 20000 50000 100000]" app_id=actor-service instance=Marks-MacBook-Pro-3.local scope=dapr.runtime.diagnostics type=log ver=1.16.1
time="2025-10-24T18:07:47.132202+01:00" level=warning msg="The default value for 'spec.metric.http.increasedCardinality' will change to 'false' in Dapr 1.15 or later" app_id=actor-service instance=Marks-MacBook-Pro-3.local scope=dapr.runtime.diagnostics type=log ver=1.16.1
time="2025-10-24T18:07:47.132569+01:00" level=info msg="standalone mode configured" app_id=actor-service instance=Marks-MacBook-Pro-3.local scope=dapr.runtime type=log ver=1.16.1
time="2025-10-24T18:07:47.132597+01:00" level=info msg="app id: actor-service" app_id=actor-service instance=Marks-MacBook-Pro-3.local scope=dapr.runtime type=log ver=1.16.1
time="2025-10-24T18:07:47.132737+01:00" level=info msg="metrics server started on 0.0.0.0:53164/" app_id=actor-service instance=Marks-MacBook-Pro-3.local scope=dapr.runtime type=log ver=1.16.1
time="2025-10-24T18:07:47.132799+01:00" level=info msg="Dapr trace sampler initialized: ParentBased{root:AlwaysOnSampler,remoteParentSampled:AlwaysOnSampler,remoteParentNotSampled:AlwaysOffSampler,localParentSampled:AlwaysOnSampler,localParentNotSampled:AlwaysOffSampler}" app_id=actor-service instance=Marks-MacBook-Pro-3.local scope=dapr.runtime type=log ver=1.16.1
time="2025-10-24T18:07:47.133573+01:00" level=info msg="local service entry announced: actor-service -> 172.19.248.73:53165" app_id=actor-service component="nr (mdns/v1)" instance=Marks-MacBook-Pro-3.local scope=dapr.contrib type=log ver=1.16.1
time="2025-10-24T18:07:47.133606+01:00" level=info msg="Initialized name resolution to mdns" app_id=actor-service instance=Marks-MacBook-Pro-3.local scope=dapr.runtime type=log ver=1.16.1
time="2025-10-24T18:07:47.133717+01:00" level=info msg="Loading components…" app_id=actor-service instance=Marks-MacBook-Pro-3.local scope=dapr.runtime type=log ver=1.16.1
time="2025-10-24T18:07:47.134022+01:00" level=info msg="Waiting for all outstanding components to be processed…" app_id=actor-service instance=Marks-MacBook-Pro-3.local scope=dapr.runtime type=log ver=1.16.1
time="2025-10-24T18:07:47.14224+01:00" level=info msg="Connected and received scheduler hosts addresses: [localhost:50006]" app_id=actor-service instance=Marks-MacBook-Pro-3.local scope=dapr.runtime.scheduler.watchhosts type=log ver=1.16.1
time="2025-10-24T18:07:47.142428+01:00" level=info msg="Scheduler client initialized for address: localhost:50006" app_id=actor-service instance=Marks-MacBook-Pro-3.local scope=dapr.runtime.scheduler.clients type=log ver=1.16.1
time="2025-10-24T18:07:47.142443+01:00" level=info msg="Scheduler clients initialized" app_id=actor-service instance=Marks-MacBook-Pro-3.local scope=dapr.runtime.scheduler.clients type=log ver=1.16.1
time="2025-10-24T18:07:47.146934+01:00" level=info msg="Using 'actorstore' as actor state store" app_id=actor-service instance=Marks-MacBook-Pro-3.local scope=dapr.runtime.processor.state type=log ver=1.16.1
time="2025-10-24T18:07:47.14699+01:00" level=info msg="Component loaded: actorstore (state.redis/v1)" app_id=actor-service instance=Marks-MacBook-Pro-3.local scope=dapr.runtime.processor type=log ver=1.16.1
time="2025-10-24T18:07:47.147004+01:00" level=info msg="All outstanding components processed" app_id=actor-service instance=Marks-MacBook-Pro-3.local scope=dapr.runtime type=log ver=1.16.1
time="2025-10-24T18:07:47.147012+01:00" level=info msg="Loading endpoints…" app_id=actor-service instance=Marks-MacBook-Pro-3.local scope=dapr.runtime type=log ver=1.16.1
time="2025-10-24T18:07:47.147188+01:00" level=info msg="Waiting for all outstanding http endpoints to be processed…" app_id=actor-service instance=Marks-MacBook-Pro-3.local scope=dapr.runtime type=log ver=1.16.1
time="2025-10-24T18:07:47.147201+01:00" level=info msg="All outstanding http endpoints processed" app_id=actor-service instance=Marks-MacBook-Pro-3.local scope=dapr.runtime type=log ver=1.16.1
time="2025-10-24T18:07:47.147207+01:00" level=info msg="Loading Declarative Subscriptions…" app_id=actor-service instance=Marks-MacBook-Pro-3.local scope=dapr.runtime type=log ver=1.16.1
time="2025-10-24T18:07:47.147445+01:00" level=info msg="gRPC server listening on TCP address: :53163" app_id=actor-service instance=Marks-MacBook-Pro-3.local scope=dapr.runtime.grpc.api type=log ver=1.16.1
time="2025-10-24T18:07:47.147457+01:00" level=info msg="Enabled gRPC tracing middleware" app_id=actor-service instance=Marks-MacBook-Pro-3.local scope=dapr.runtime.grpc.api type=log ver=1.16.1
time="2025-10-24T18:07:47.147462+01:00" level=info msg="Enabled gRPC metrics middleware" app_id=actor-service instance=Marks-MacBook-Pro-3.local scope=dapr.runtime.grpc.api type=log ver=1.16.1
time="2025-10-24T18:07:47.147504+01:00" level=info msg="Registering workflow engine for gRPC endpoint: [::]:53163" app_id=actor-service instance=Marks-MacBook-Pro-3.local scope=dapr.runtime.grpc.api type=log ver=1.16.1
time="2025-10-24T18:07:47.147527+01:00" level=info msg="API gRPC server is running on port 53163" app_id=actor-service instance=Marks-MacBook-Pro-3.local scope=dapr.runtime type=log ver=1.16.1
time="2025-10-24T18:07:47.147542+01:00" level=warning msg="The default value for 'spec.metric.http.increasedCardinality' will change to 'false' in Dapr 1.15 or later" app_id=actor-service instance=Marks-MacBook-Pro-3.local scope=dapr.runtime.http type=log ver=1.16.1
time="2025-10-24T18:07:47.147587+01:00" level=info msg="Enabled max body size HTTP middleware with size 4194304 bytes" app_id=actor-service instance=Marks-MacBook-Pro-3.local scope=dapr.runtime.http type=log ver=1.16.1
time="2025-10-24T18:07:47.147594+01:00" level=info msg="Enabled tracing HTTP middleware" app_id=actor-service instance=Marks-MacBook-Pro-3.local scope=dapr.runtime.http type=log ver=1.16.1
time="2025-10-24T18:07:47.147598+01:00" level=info msg="Enabled metrics HTTP middleware" app_id=actor-service instance=Marks-MacBook-Pro-3.local scope=dapr.runtime.http type=log ver=1.16.1
time="2025-10-24T18:07:47.147794+01:00" level=info msg="HTTP server listening on TCP address: :53162" app_id=actor-service instance=Marks-MacBook-Pro-3.local scope=dapr.runtime.http type=log ver=1.16.1
time="2025-10-24T18:07:47.147814+01:00" level=info msg="HTTP server is running on port 53162" app_id=actor-service instance=Marks-MacBook-Pro-3.local scope=dapr.runtime type=log ver=1.16.1
time="2025-10-24T18:07:47.147819+01:00" level=info msg="The request body size parameter is: 4194304 bytes" app_id=actor-service instance=Marks-MacBook-Pro-3.local scope=dapr.runtime type=log ver=1.16.1
time="2025-10-24T18:07:47.147852+01:00" level=info msg="gRPC server listening on TCP address: :53165" app_id=actor-service instance=Marks-MacBook-Pro-3.local scope=dapr.runtime.grpc.internal type=log ver=1.16.1
time="2025-10-24T18:07:47.14787+01:00" level=info msg="Enabled gRPC tracing middleware" app_id=actor-service instance=Marks-MacBook-Pro-3.local scope=dapr.runtime.grpc.internal type=log ver=1.16.1
time="2025-10-24T18:07:47.147874+01:00" level=info msg="Enabled gRPC metrics middleware" app_id=actor-service instance=Marks-MacBook-Pro-3.local scope=dapr.runtime.grpc.internal type=log ver=1.16.1
time="2025-10-24T18:07:47.14789+01:00" level=info msg="Internal gRPC server is running on :53165" app_id=actor-service instance=Marks-MacBook-Pro-3.local scope=dapr.runtime type=log ver=1.16.1
time="2025-10-24T18:07:47.147897+01:00" level=info msg="application protocol: http. waiting on port 5008.  This will block until the app is listening on that port." app_id=actor-service instance=Marks-MacBook-Pro-3.local scope=dapr.runtime type=log ver=1.16.1
Updating metadata for app command: dotnet run --framework net8.0 --urls http://localhost:5008
Updating metadata for appPID: 61352
You're up and running! Dapr logs will appear here.

time="2025-10-24T18:07:52.134222+01:00" level=info msg="[/v1.0/metadata/cliPID] Trace: 2e7a72baef82d45a8dc4f777815d0a80 Span: 0000000000000000/797100f223d4f515 Time: [2025-10-24 18:07:48.071204 +0100 BST m=+0.981124751 ->  2025-10-24 18:07:48.07131825 +0100 BST m=+0.981239001] Annotations: []" instance=Marks-MacBook-Pro-3.local scope=dapr.runtime.trace type=log ver=1.16.1
time="2025-10-24T18:07:52.134334+01:00" level=info msg="[/v1.0/metadata/runTemplatePath] Trace: 4f95a51d853866d203b4f5a22e0ca1e0 Span: 0000000000000000/d0dac95f40c06bc0 Time: [2025-10-24 18:07:48.071914 +0100 BST m=+0.981834543 ->  2025-10-24 18:07:48.071927833 +0100 BST m=+0.981848376] Annotations: []" instance=Marks-MacBook-Pro-3.local scope=dapr.runtime.trace type=log ver=1.16.1
time="2025-10-24T18:07:52.134361+01:00" level=info msg="[/v1.0/metadata/runTemplateName] Trace: ecc59e31ac16038764f750dd64c31d6b Span: 0000000000000000/b54a376f8f046ccf Time: [2025-10-24 18:07:48.072556 +0100 BST m=+0.982476543 ->  2025-10-24 18:07:48.0736095 +0100 BST m=+0.983530043] Annotations: []" instance=Marks-MacBook-Pro-3.local scope=dapr.runtime.trace type=log ver=1.16.1
time="2025-10-24T18:07:52.134384+01:00" level=info msg="[/v1.0/metadata/appLogPath] Trace: 626982ad5391a212a3a780df3369bced Span: 0000000000000000/678269585d4cdad5 Time: [2025-10-24 18:07:48.073967 +0100 BST m=+0.983887918 ->  2025-10-24 18:07:48.073989041 +0100 BST m=+0.983909959] Annotations: []" instance=Marks-MacBook-Pro-3.local scope=dapr.runtime.trace type=log ver=1.16.1
time="2025-10-24T18:07:52.134409+01:00" level=info msg="[/v1.0/metadata/daprdLogPath] Trace: 978a2e35f8c48258060086cf0fe16c75 Span: 0000000000000000/4ec4439429945c04 Time: [2025-10-24 18:07:48.074416 +0100 BST m=+0.984336459 ->  2025-10-24 18:07:48.074429375 +0100 BST m=+0.984349834] Annotations: []" instance=Marks-MacBook-Pro-3.local scope=dapr.runtime.trace type=log ver=1.16.1
time="2025-10-24T18:07:52.134439+01:00" level=info msg="[/v1.0/metadata/appCommand] Trace: 952d2eae4ad97823e252bf3421e9d2b0 Span: 0000000000000000/cf1829639ed6a2cf Time: [2025-10-24 18:07:48.074808 +0100 BST m=+0.984728834 ->  2025-10-24 18:07:48.074832125 +0100 BST m=+0.984752959] Annotations: []" instance=Marks-MacBook-Pro-3.local scope=dapr.runtime.trace type=log ver=1.16.1
time="2025-10-24T18:07:52.13446+01:00" level=info msg="[/v1.0/metadata/appPID] Trace: d11ffe4c6cb58f8d72e66108f4a2d978 Span: 0000000000000000/8d638d914bd2381b Time: [2025-10-24 18:07:48.075196 +0100 BST m=+0.985117001 ->  2025-10-24 18:07:48.075217167 +0100 BST m=+0.985138168] Annotations: []" instance=Marks-MacBook-Pro-3.local scope=dapr.runtime.trace type=log ver=1.16.1
time="2025-10-24T18:07:52.13448+01:00" level=info msg="[/v1.0/metadata] Trace: 81d29d9d6a791415248922e9e0904db7 Span: 0000000000000000/3e78dddd7d8fcd25 Time: [2025-10-24 18:07:48.083614 +0100 BST m=+0.993534501 ->  2025-10-24 18:07:48.0842325 +0100 BST m=+0.994153001] Annotations: []" instance=Marks-MacBook-Pro-3.local scope=dapr.runtime.trace type=log ver=1.16.1
time="2025-10-24T18:07:57.274491+01:00" level=info msg="waiting for application to listen on port 5008" app_id=actor-service instance=Marks-MacBook-Pro-3.local scope=dapr.runtime type=log ver=1.16.1
2025/10/24 18:08:02 traces export: context deadline exceeded: rpc error: code = Unavailable desc = connection error: desc = "transport: Error while dialing: dial tcp 127.0.0.1:4317: connect: connection refused"
time="2025-10-24T18:08:07.409501+01:00" level=info msg="waiting for application to listen on port 5008" app_id=actor-service instance=Marks-MacBook-Pro-3.local scope=dapr.runtime type=log ver=1.16.1
time="2025-10-24T18:08:17.561872+01:00" level=info msg="waiting for application to listen on port 5008" app_id=actor-service instance=Marks-MacBook-Pro-3.local scope=dapr.runtime type=log ver=1.16.1
time="2025-10-24T18:08:27.687728+01:00" level=info msg="waiting for application to listen on port 5008" app_id=actor-service instance=Marks-MacBook-Pro-3.local scope=dapr.runtime type=log ver=1.16.1
time="2025-10-24T18:08:37.825879+01:00" level=info msg="waiting for application to listen on port 5008" app_id=actor-service instance=Marks-MacBook-Pro-3.local scope=dapr.runtime type=log ver=1.16.1
time="2025-10-24T18:08:47.976276+01:00" level=info msg="waiting for application to listen on port 5008" app_id=actor-service instance=Marks-MacBook-Pro-3.local scope=dapr.runtime type=log ver=1.16.1
time="2025-10-24T18:08:58.105637+01:00" level=info msg="waiting for application to listen on port 5008" app_id=actor-service instance=Marks-MacBook-Pro-3.local scope=dapr.runtime type=log ver=1.16.1
time="2025-10-24T18:09:08.236124+01:00" level=info msg="waiting for application to listen on port 5008" app_id=actor-service instance=Marks-MacBook-Pro-3.local scope=dapr.runtime type=log ver=1.16.1

termination signal received: shutting down
time="2025-10-24T18:09:15.339921+01:00" level=info msg="Received signal 'interrupt'; beginning shutdown" app_id=actor-service instance=Marks-MacBook-Pro-3.local scope=dapr.signals type=log ver=1.16.1
Exited Dapr successfully
