Starting Dapr with id ActorService. HTTP Port: 3500. gRPC Port: 56181
Updating metadata for cliPID: 35005
time="2025-11-26T22:23:39.675489-08:00" level=info msg="Starting Dapr Runtime -- version 1.16.2 -- commit 3c7722a8c5648354e24256993caf047bc8c80666" app_id=ActorService instance=macbookpro.lan scope=dapr.runtime type=log ver=1.16.2
time="2025-11-26T22:23:39.675539-08:00" level=info msg="Log level set to: info" app_id=ActorService instance=macbookpro.lan scope=dapr.runtime type=log ver=1.16.2
time="2025-11-26T22:23:39.675686-08:00" level=warning msg="mTLS is disabled. Skipping certificate request and tls validation" app_id=ActorService instance=macbookpro.lan scope=dapr.runtime.security type=log ver=1.16.2
time="2025-11-26T22:23:39.676274-08:00" level=info msg="Enabled features: SchedulerReminders" app_id=ActorService instance=macbookpro.lan scope=dapr.runtime type=log ver=1.16.2
time="2025-11-26T22:23:39.676351-08:00" level=info msg="metric spec: {\"enabled\":true}" app_id=ActorService instance=macbookpro.lan scope=dapr.runtime.diagnostics type=log ver=1.16.2
time="2025-11-26T22:23:39.676376-08:00" level=info msg="Using default latency distribution buckets: [1 2 3 4 5 6 8 10 13 16 20 25 30 40 50 65 80 100 130 160 200 250 300 400 500 650 800 1000 2000 5000 10000 20000 50000 100000]" app_id=ActorService instance=macbookpro.lan scope=dapr.runtime.diagnostics type=log ver=1.16.2
time="2025-11-26T22:23:39.676781-08:00" level=warning msg="The default value for 'spec.metric.http.increasedCardinality' will change to 'false' in Dapr 1.15 or later" app_id=ActorService instance=macbookpro.lan scope=dapr.runtime.diagnostics type=log ver=1.16.2
time="2025-11-26T22:23:39.677614-08:00" level=info msg="metrics server started on 0.0.0.0:56182/" app_id=ActorService instance=macbookpro.lan scope=dapr.runtime type=log ver=1.16.2
time="2025-11-26T22:23:39.677734-08:00" level=info msg="standalone mode configured" app_id=ActorService instance=macbookpro.lan scope=dapr.runtime type=log ver=1.16.2
time="2025-11-26T22:23:39.677746-08:00" level=info msg="app id: ActorService" app_id=ActorService instance=macbookpro.lan scope=dapr.runtime type=log ver=1.16.2
time="2025-11-26T22:23:39.677869-08:00" level=info msg="Dapr trace sampler initialized: ParentBased{root:AlwaysOnSampler,remoteParentSampled:AlwaysOnSampler,remoteParentNotSampled:AlwaysOffSampler,localParentSampled:AlwaysOnSampler,localParentNotSampled:AlwaysOffSampler}" app_id=ActorService instance=macbookpro.lan scope=dapr.runtime type=log ver=1.16.2
time="2025-11-26T22:23:39.678477-08:00" level=info msg="local service entry announced: ActorService -> 192.168.86.22:56183" app_id=ActorService component="nr (mdns/v1)" instance=macbookpro.lan scope=dapr.contrib type=log ver=1.16.2
time="2025-11-26T22:23:39.678589-08:00" level=info msg="Initialized name resolution to mdns" app_id=ActorService instance=macbookpro.lan scope=dapr.runtime type=log ver=1.16.2
time="2025-11-26T22:23:39.678698-08:00" level=info msg="Loading components…" app_id=ActorService instance=macbookpro.lan scope=dapr.runtime type=log ver=1.16.2
time="2025-11-26T22:23:39.679073-08:00" level=info msg="Waiting for all outstanding components to be processed…" app_id=ActorService instance=macbookpro.lan scope=dapr.runtime type=log ver=1.16.2
time="2025-11-26T22:23:39.699982-08:00" level=info msg="Connected and received scheduler hosts addresses: [localhost:50006]" app_id=ActorService instance=macbookpro.lan scope=dapr.runtime.scheduler.watchhosts type=log ver=1.16.2
time="2025-11-26T22:23:39.700195-08:00" level=info msg="Scheduler client initialized for address: localhost:50006" app_id=ActorService instance=macbookpro.lan scope=dapr.runtime.scheduler.clients type=log ver=1.16.2
time="2025-11-26T22:23:39.700211-08:00" level=info msg="Scheduler clients initialized" app_id=ActorService instance=macbookpro.lan scope=dapr.runtime.scheduler.clients type=log ver=1.16.2
time="2025-11-26T22:23:39.702794-08:00" level=info msg="Using 'actorstore' as actor state store" app_id=ActorService instance=macbookpro.lan scope=dapr.runtime.processor.state type=log ver=1.16.2
time="2025-11-26T22:23:39.702883-08:00" level=info msg="Component loaded: actorstore (state.redis/v1)" app_id=ActorService instance=macbookpro.lan scope=dapr.runtime.processor type=log ver=1.16.2
time="2025-11-26T22:23:39.70291-08:00" level=info msg="All outstanding components processed" app_id=ActorService instance=macbookpro.lan scope=dapr.runtime type=log ver=1.16.2
time="2025-11-26T22:23:39.702925-08:00" level=info msg="Loading endpoints…" app_id=ActorService instance=macbookpro.lan scope=dapr.runtime type=log ver=1.16.2
time="2025-11-26T22:23:39.70316-08:00" level=info msg="Waiting for all outstanding http endpoints to be processed…" app_id=ActorService instance=macbookpro.lan scope=dapr.runtime type=log ver=1.16.2
time="2025-11-26T22:23:39.703176-08:00" level=info msg="All outstanding http endpoints processed" app_id=ActorService instance=macbookpro.lan scope=dapr.runtime type=log ver=1.16.2
time="2025-11-26T22:23:39.703183-08:00" level=info msg="Loading Declarative Subscriptions…" app_id=ActorService instance=macbookpro.lan scope=dapr.runtime type=log ver=1.16.2
time="2025-11-26T22:23:39.703419-08:00" level=info msg="gRPC server listening on TCP address: :56181" app_id=ActorService instance=macbookpro.lan scope=dapr.runtime.grpc.api type=log ver=1.16.2
time="2025-11-26T22:23:39.703429-08:00" level=info msg="Enabled gRPC tracing middleware" app_id=ActorService instance=macbookpro.lan scope=dapr.runtime.grpc.api type=log ver=1.16.2
time="2025-11-26T22:23:39.703434-08:00" level=info msg="Enabled gRPC metrics middleware" app_id=ActorService instance=macbookpro.lan scope=dapr.runtime.grpc.api type=log ver=1.16.2
time="2025-11-26T22:23:39.703488-08:00" level=info msg="Registering workflow engine for gRPC endpoint: [::]:56181" app_id=ActorService instance=macbookpro.lan scope=dapr.runtime.grpc.api type=log ver=1.16.2
time="2025-11-26T22:23:39.703518-08:00" level=info msg="API gRPC server is running on port 56181" app_id=ActorService instance=macbookpro.lan scope=dapr.runtime type=log ver=1.16.2
time="2025-11-26T22:23:39.703535-08:00" level=warning msg="The default value for 'spec.metric.http.increasedCardinality' will change to 'false' in Dapr 1.15 or later" app_id=ActorService instance=macbookpro.lan scope=dapr.runtime.http type=log ver=1.16.2
time="2025-11-26T22:23:39.7036-08:00" level=info msg="Enabled max body size HTTP middleware with size 4194304 bytes" app_id=ActorService instance=macbookpro.lan scope=dapr.runtime.http type=log ver=1.16.2
time="2025-11-26T22:23:39.703611-08:00" level=info msg="Enabled tracing HTTP middleware" app_id=ActorService instance=macbookpro.lan scope=dapr.runtime.http type=log ver=1.16.2
time="2025-11-26T22:23:39.703617-08:00" level=info msg="Enabled metrics HTTP middleware" app_id=ActorService instance=macbookpro.lan scope=dapr.runtime.http type=log ver=1.16.2
time="2025-11-26T22:23:39.703865-08:00" level=info msg="HTTP server listening on TCP address: :3500" app_id=ActorService instance=macbookpro.lan scope=dapr.runtime.http type=log ver=1.16.2
time="2025-11-26T22:23:39.703886-08:00" level=info msg="HTTP server is running on port 3500" app_id=ActorService instance=macbookpro.lan scope=dapr.runtime type=log ver=1.16.2
time="2025-11-26T22:23:39.703891-08:00" level=info msg="The request body size parameter is: 4194304 bytes" app_id=ActorService instance=macbookpro.lan scope=dapr.runtime type=log ver=1.16.2
time="2025-11-26T22:23:39.703917-08:00" level=info msg="gRPC server listening on TCP address: :56183" app_id=ActorService instance=macbookpro.lan scope=dapr.runtime.grpc.internal type=log ver=1.16.2
time="2025-11-26T22:23:39.703924-08:00" level=info msg="Enabled gRPC tracing middleware" app_id=ActorService instance=macbookpro.lan scope=dapr.runtime.grpc.internal type=log ver=1.16.2
time="2025-11-26T22:23:39.703928-08:00" level=info msg="Enabled gRPC metrics middleware" app_id=ActorService instance=macbookpro.lan scope=dapr.runtime.grpc.internal type=log ver=1.16.2
time="2025-11-26T22:23:39.703948-08:00" level=info msg="Internal gRPC server is running on :56183" app_id=ActorService instance=macbookpro.lan scope=dapr.runtime type=log ver=1.16.2
time="2025-11-26T22:23:39.703963-08:00" level=info msg="application protocol: http. waiting on port 5008.  This will block until the app is listening on that port." app_id=ActorService instance=macbookpro.lan scope=dapr.runtime type=log ver=1.16.2
Updating metadata for app command: dotnet run --framework net8.0
Updating metadata for appPID: 35015
You're up and running! Dapr logs will appear here.

time="2025-11-26T22:23:41.32299-08:00" level=info msg="application discovered on port 5008" app_id=ActorService instance=macbookpro.lan scope=dapr.runtime type=log ver=1.16.2
time="2025-11-26T22:23:41.323181-08:00" level=info msg="Using Scheduler service for reminders." app_id=ActorService instance=macbookpro.lan scope=dapr.runtime.actor.reminders.scheduler type=log ver=1.16.2
time="2025-11-26T22:23:41.323616-08:00" level=info msg="Actor runtime started" app_id=ActorService instance=macbookpro.lan scope=dapr.runtime.actor type=log ver=1.16.2
time="2025-11-26T22:23:41.323729-08:00" level=warning msg="Graceful shutdown timeout is infinite, will wait indefinitely to shutdown" app_id=ActorService instance=macbookpro.lan scope=dapr.runtime.actor type=log ver=1.16.2
time="2025-11-26T22:23:41.323785-08:00" level=info msg="worker started with backend dapr.actors/v1" app_id=ActorService instance=macbookpro.lan scope=dapr.wfengine.durabletask.backend type=log ver=1.16.2
time="2025-11-26T22:23:41.323847-08:00" level=info msg="Workflow engine started" app_id=ActorService instance=macbookpro.lan scope=dapr.runtime.wfengine type=log ver=1.16.2
time="2025-11-26T22:23:41.38408-08:00" level=info msg="Application configuration loaded" app_id=ActorService instance=macbookpro.lan scope=dapr.runtime type=log ver=1.16.2
time="2025-11-26T22:23:41.38412-08:00" level=info msg="Registering hosted actors: [LightActor]" app_id=ActorService instance=macbookpro.lan scope=dapr.runtime.actor type=log ver=1.16.2
time="2025-11-26T22:23:41.384145-08:00" level=info msg="dapr initialized. Status: Running. Init Elapsed 1706ms" app_id=ActorService instance=macbookpro.lan scope=dapr.runtime type=log ver=1.16.2
time="2025-11-26T22:23:41.384301-08:00" level=info msg="Reporting actor types: [LightActor]" app_id=ActorService instance=macbookpro.lan scope=dapr.runtime.actors.placement type=log ver=1.16.2
time="2025-11-26T22:23:41.384391-08:00" level=info msg="Scheduler stream connected for [JOB_TARGET_TYPE_JOB]" app_id=ActorService instance=macbookpro.lan scope=dapr.runtime.scheduler.cluster type=log ver=1.16.2
time="2025-11-26T22:23:41.384437-08:00" level=info msg="Connected to placement localhost:50005" app_id=ActorService instance=macbookpro.lan scope=dapr.runtime.actors.placement.client.connector.static type=log ver=1.16.2
time="2025-11-26T22:23:41.384453-08:00" level=info msg="Scheduler stream connected for [JOB_TARGET_TYPE_JOB]" app_id=ActorService instance=macbookpro.lan scope=dapr.runtime.scheduler.cluster type=log ver=1.16.2
time="2025-11-26T22:23:41.38447-08:00" level=info msg="Scheduler stream connected for [JOB_TARGET_TYPE_JOB]" app_id=ActorService instance=macbookpro.lan scope=dapr.runtime.scheduler.cluster type=log ver=1.16.2
time="2025-11-26T22:23:41.393464-08:00" level=info msg="Connected to placement localhost:50005" app_id=ActorService instance=macbookpro.lan scope=dapr.runtime.actors.placement.client type=log ver=1.16.2
time="2025-11-26T22:23:41.397841-08:00" level=info msg="Placement tables updated, version: 17" app_id=ActorService instance=macbookpro.lan scope=dapr.runtime.actors.placement type=log ver=1.16.2
time="2025-11-26T22:23:41.398551-08:00" level=info msg="Running actor reminder migration from state store to scheduler" app_id=ActorService instance=macbookpro.lan scope=dapr.runtime.actors.reminders.migration type=log ver=1.16.2
time="2025-11-26T22:23:41.398669-08:00" level=info msg="Scheduler stream disconnected" app_id=ActorService instance=macbookpro.lan scope=dapr.runtime.scheduler.cluster type=log ver=1.16.2
time="2025-11-26T22:23:41.398699-08:00" level=info msg="Scheduler stream disconnected" app_id=ActorService instance=macbookpro.lan scope=dapr.runtime.scheduler.cluster type=log ver=1.16.2
time="2025-11-26T22:23:41.398704-08:00" level=info msg="Scheduler stream disconnected" app_id=ActorService instance=macbookpro.lan scope=dapr.runtime.scheduler.cluster type=log ver=1.16.2
time="2025-11-26T22:23:41.398779-08:00" level=info msg="Scheduler stream connected for [JOB_TARGET_TYPE_JOB JOB_TARGET_TYPE_ACTOR_REMINDER]" app_id=ActorService instance=macbookpro.lan scope=dapr.runtime.scheduler.cluster type=log ver=1.16.2
time="2025-11-26T22:23:41.398799-08:00" level=info msg="Scheduler stream connected for [JOB_TARGET_TYPE_JOB JOB_TARGET_TYPE_ACTOR_REMINDER]" app_id=ActorService instance=macbookpro.lan scope=dapr.runtime.scheduler.cluster type=log ver=1.16.2
time="2025-11-26T22:23:41.398817-08:00" level=info msg="Scheduler stream connected for [JOB_TARGET_TYPE_JOB JOB_TARGET_TYPE_ACTOR_REMINDER]" app_id=ActorService instance=macbookpro.lan scope=dapr.runtime.scheduler.cluster type=log ver=1.16.2
time="2025-11-26T22:23:41.407917-08:00" level=info msg="Skipping migration, no missing scheduler reminders found" app_id=ActorService instance=macbookpro.lan scope=dapr.runtime.actors.reminders.migration type=log ver=1.16.2
time="2025-11-26T22:23:41.407952-08:00" level=info msg="Found 0 missing scheduler reminders from state store" app_id=ActorService instance=macbookpro.lan scope=dapr.runtime.actors.reminders.migration type=log ver=1.16.2
time="2025-11-26T22:23:41.407964-08:00" level=info msg="Migrated 0 reminders from state store to scheduler successfully" app_id=ActorService instance=macbookpro.lan scope=dapr.runtime.actors.reminders.migration type=log ver=1.16.2
time="2025-11-26T22:24:13.880266-08:00" level=warning msg="Redis does not support transaction rollbacks and should not be used in production as an actor state store." app_id=ActorService component="actorstore (state.redis/v1)" instance=macbookpro.lan scope=dapr.contrib type=log ver=1.16.2

termination signal received: shutting down
Exited Dapr successfully
Exited App successfully
