Starting Dapr with id ActorService. HTTP Port: 52304. gRPC Port: 52305
Updating metadata for cliPID: 29765
time="2025-11-26T22:19:20.069824-08:00" level=info msg="Starting Dapr Runtime -- version 1.16.2 -- commit 3c7722a8c5648354e24256993caf047bc8c80666" app_id=ActorService instance=macbookpro.lan scope=dapr.runtime type=log ver=1.16.2
time="2025-11-26T22:19:20.069869-08:00" level=info msg="Log level set to: info" app_id=ActorService instance=macbookpro.lan scope=dapr.runtime type=log ver=1.16.2
time="2025-11-26T22:19:20.069976-08:00" level=warning msg="mTLS is disabled. Skipping certificate request and tls validation" app_id=ActorService instance=macbookpro.lan scope=dapr.runtime.security type=log ver=1.16.2
time="2025-11-26T22:19:20.070332-08:00" level=info msg="Enabled features: SchedulerReminders" app_id=ActorService instance=macbookpro.lan scope=dapr.runtime type=log ver=1.16.2
time="2025-11-26T22:19:20.070379-08:00" level=info msg="metric spec: {\"enabled\":true}" app_id=ActorService instance=macbookpro.lan scope=dapr.runtime.diagnostics type=log ver=1.16.2
time="2025-11-26T22:19:20.070397-08:00" level=info msg="Using default latency distribution buckets: [1 2 3 4 5 6 8 10 13 16 20 25 30 40 50 65 80 100 130 160 200 250 300 400 500 650 800 1000 2000 5000 10000 20000 50000 100000]" app_id=ActorService instance=macbookpro.lan scope=dapr.runtime.diagnostics type=log ver=1.16.2
time="2025-11-26T22:19:20.071671-08:00" level=warning msg="The default value for 'spec.metric.http.increasedCardinality' will change to 'false' in Dapr 1.15 or later" app_id=ActorService instance=macbookpro.lan scope=dapr.runtime.diagnostics type=log ver=1.16.2
time="2025-11-26T22:19:20.074448-08:00" level=info msg="standalone mode configured" app_id=ActorService instance=macbookpro.lan scope=dapr.runtime type=log ver=1.16.2
time="2025-11-26T22:19:20.074486-08:00" level=info msg="app id: ActorService" app_id=ActorService instance=macbookpro.lan scope=dapr.runtime type=log ver=1.16.2
time="2025-11-26T22:19:20.074628-08:00" level=info msg="metrics server started on 0.0.0.0:52306/" app_id=ActorService instance=macbookpro.lan scope=dapr.runtime type=log ver=1.16.2
time="2025-11-26T22:19:20.074736-08:00" level=info msg="Dapr trace sampler initialized: ParentBased{root:AlwaysOnSampler,remoteParentSampled:AlwaysOnSampler,remoteParentNotSampled:AlwaysOffSampler,localParentSampled:AlwaysOnSampler,localParentNotSampled:AlwaysOffSampler}" app_id=ActorService instance=macbookpro.lan scope=dapr.runtime type=log ver=1.16.2
time="2025-11-26T22:19:20.075005-08:00" level=info msg="local service entry announced: ActorService -> 192.168.86.22:52307" app_id=ActorService component="nr (mdns/v1)" instance=macbookpro.lan scope=dapr.contrib type=log ver=1.16.2
time="2025-11-26T22:19:20.075027-08:00" level=info msg="Initialized name resolution to mdns" app_id=ActorService instance=macbookpro.lan scope=dapr.runtime type=log ver=1.16.2
time="2025-11-26T22:19:20.075282-08:00" level=info msg="Loading components…" app_id=ActorService instance=macbookpro.lan scope=dapr.runtime type=log ver=1.16.2
time="2025-11-26T22:19:20.075957-08:00" level=info msg="Waiting for all outstanding components to be processed…" app_id=ActorService instance=macbookpro.lan scope=dapr.runtime type=log ver=1.16.2
time="2025-11-26T22:19:20.092049-08:00" level=info msg="Connected and received scheduler hosts addresses: [localhost:50006]" app_id=ActorService instance=macbookpro.lan scope=dapr.runtime.scheduler.watchhosts type=log ver=1.16.2
time="2025-11-26T22:19:20.092222-08:00" level=info msg="Scheduler client initialized for address: localhost:50006" app_id=ActorService instance=macbookpro.lan scope=dapr.runtime.scheduler.clients type=log ver=1.16.2
time="2025-11-26T22:19:20.092233-08:00" level=info msg="Scheduler clients initialized" app_id=ActorService instance=macbookpro.lan scope=dapr.runtime.scheduler.clients type=log ver=1.16.2
time="2025-11-26T22:19:20.093146-08:00" level=info msg="Using 'actorstore' as actor state store" app_id=ActorService instance=macbookpro.lan scope=dapr.runtime.processor.state type=log ver=1.16.2
time="2025-11-26T22:19:20.093234-08:00" level=info msg="Component loaded: actorstore (state.redis/v1)" app_id=ActorService instance=macbookpro.lan scope=dapr.runtime.processor type=log ver=1.16.2
time="2025-11-26T22:19:20.093253-08:00" level=info msg="All outstanding components processed" app_id=ActorService instance=macbookpro.lan scope=dapr.runtime type=log ver=1.16.2
time="2025-11-26T22:19:20.093267-08:00" level=info msg="Loading endpoints…" app_id=ActorService instance=macbookpro.lan scope=dapr.runtime type=log ver=1.16.2
time="2025-11-26T22:19:20.093464-08:00" level=info msg="Waiting for all outstanding http endpoints to be processed…" app_id=ActorService instance=macbookpro.lan scope=dapr.runtime type=log ver=1.16.2
time="2025-11-26T22:19:20.093478-08:00" level=info msg="All outstanding http endpoints processed" app_id=ActorService instance=macbookpro.lan scope=dapr.runtime type=log ver=1.16.2
time="2025-11-26T22:19:20.093486-08:00" level=info msg="Loading Declarative Subscriptions…" app_id=ActorService instance=macbookpro.lan scope=dapr.runtime type=log ver=1.16.2
time="2025-11-26T22:19:20.093725-08:00" level=info msg="gRPC server listening on TCP address: :52305" app_id=ActorService instance=macbookpro.lan scope=dapr.runtime.grpc.api type=log ver=1.16.2
time="2025-11-26T22:19:20.093741-08:00" level=info msg="Enabled gRPC tracing middleware" app_id=ActorService instance=macbookpro.lan scope=dapr.runtime.grpc.api type=log ver=1.16.2
time="2025-11-26T22:19:20.093748-08:00" level=info msg="Enabled gRPC metrics middleware" app_id=ActorService instance=macbookpro.lan scope=dapr.runtime.grpc.api type=log ver=1.16.2
time="2025-11-26T22:19:20.093805-08:00" level=info msg="Registering workflow engine for gRPC endpoint: [::]:52305" app_id=ActorService instance=macbookpro.lan scope=dapr.runtime.grpc.api type=log ver=1.16.2
time="2025-11-26T22:19:20.093846-08:00" level=info msg="API gRPC server is running on port 52305" app_id=ActorService instance=macbookpro.lan scope=dapr.runtime type=log ver=1.16.2
time="2025-11-26T22:19:20.093865-08:00" level=warning msg="The default value for 'spec.metric.http.increasedCardinality' will change to 'false' in Dapr 1.15 or later" app_id=ActorService instance=macbookpro.lan scope=dapr.runtime.http type=log ver=1.16.2
time="2025-11-26T22:19:20.093916-08:00" level=info msg="Enabled max body size HTTP middleware with size 4194304 bytes" app_id=ActorService instance=macbookpro.lan scope=dapr.runtime.http type=log ver=1.16.2
time="2025-11-26T22:19:20.093926-08:00" level=info msg="Enabled tracing HTTP middleware" app_id=ActorService instance=macbookpro.lan scope=dapr.runtime.http type=log ver=1.16.2
time="2025-11-26T22:19:20.093931-08:00" level=info msg="Enabled metrics HTTP middleware" app_id=ActorService instance=macbookpro.lan scope=dapr.runtime.http type=log ver=1.16.2
time="2025-11-26T22:19:20.094176-08:00" level=info msg="HTTP server listening on TCP address: :52304" app_id=ActorService instance=macbookpro.lan scope=dapr.runtime.http type=log ver=1.16.2
time="2025-11-26T22:19:20.094207-08:00" level=info msg="HTTP server is running on port 52304" app_id=ActorService instance=macbookpro.lan scope=dapr.runtime type=log ver=1.16.2
time="2025-11-26T22:19:20.094215-08:00" level=info msg="The request body size parameter is: 4194304 bytes" app_id=ActorService instance=macbookpro.lan scope=dapr.runtime type=log ver=1.16.2
time="2025-11-26T22:19:20.094247-08:00" level=info msg="gRPC server listening on TCP address: :52307" app_id=ActorService instance=macbookpro.lan scope=dapr.runtime.grpc.internal type=log ver=1.16.2
time="2025-11-26T22:19:20.094258-08:00" level=info msg="Enabled gRPC tracing middleware" app_id=ActorService instance=macbookpro.lan scope=dapr.runtime.grpc.internal type=log ver=1.16.2
time="2025-11-26T22:19:20.094264-08:00" level=info msg="Enabled gRPC metrics middleware" app_id=ActorService instance=macbookpro.lan scope=dapr.runtime.grpc.internal type=log ver=1.16.2
time="2025-11-26T22:19:20.094309-08:00" level=info msg="Internal gRPC server is running on :52307" app_id=ActorService instance=macbookpro.lan scope=dapr.runtime type=log ver=1.16.2
time="2025-11-26T22:19:20.094342-08:00" level=info msg="application protocol: http. waiting on port 5008.  This will block until the app is listening on that port." app_id=ActorService instance=macbookpro.lan scope=dapr.runtime type=log ver=1.16.2
Updating metadata for app command: dotnet run --framework net8.0
Updating metadata for appPID: 29773
You're up and running! Dapr logs will appear here.

time="2025-11-26T22:19:21.711896-08:00" level=info msg="application discovered on port 5008" app_id=ActorService instance=macbookpro.lan scope=dapr.runtime type=log ver=1.16.2
time="2025-11-26T22:19:21.712054-08:00" level=info msg="Using Scheduler service for reminders." app_id=ActorService instance=macbookpro.lan scope=dapr.runtime.actor.reminders.scheduler type=log ver=1.16.2
time="2025-11-26T22:19:21.712114-08:00" level=info msg="Actor runtime started" app_id=ActorService instance=macbookpro.lan scope=dapr.runtime.actor type=log ver=1.16.2
time="2025-11-26T22:19:21.712138-08:00" level=info msg="worker started with backend dapr.actors/v1" app_id=ActorService instance=macbookpro.lan scope=dapr.wfengine.durabletask.backend type=log ver=1.16.2
time="2025-11-26T22:19:21.712154-08:00" level=warning msg="Graceful shutdown timeout is infinite, will wait indefinitely to shutdown" app_id=ActorService instance=macbookpro.lan scope=dapr.runtime.actor type=log ver=1.16.2
time="2025-11-26T22:19:21.712191-08:00" level=info msg="Workflow engine started" app_id=ActorService instance=macbookpro.lan scope=dapr.runtime.wfengine type=log ver=1.16.2
time="2025-11-26T22:19:21.827211-08:00" level=info msg="Application configuration loaded" app_id=ActorService instance=macbookpro.lan scope=dapr.runtime type=log ver=1.16.2
time="2025-11-26T22:19:21.827258-08:00" level=info msg="Registering hosted actors: [LightActor]" app_id=ActorService instance=macbookpro.lan scope=dapr.runtime.actor type=log ver=1.16.2
time="2025-11-26T22:19:21.827279-08:00" level=info msg="dapr initialized. Status: Running. Init Elapsed 1752ms" app_id=ActorService instance=macbookpro.lan scope=dapr.runtime type=log ver=1.16.2
time="2025-11-26T22:19:21.827375-08:00" level=info msg="Reporting actor types: [LightActor]" app_id=ActorService instance=macbookpro.lan scope=dapr.runtime.actors.placement type=log ver=1.16.2
time="2025-11-26T22:19:21.827605-08:00" level=info msg="Connected to placement localhost:50005" app_id=ActorService instance=macbookpro.lan scope=dapr.runtime.actors.placement.client.connector.static type=log ver=1.16.2
time="2025-11-26T22:19:21.82772-08:00" level=info msg="Scheduler stream connected for [JOB_TARGET_TYPE_JOB]" app_id=ActorService instance=macbookpro.lan scope=dapr.runtime.scheduler.cluster type=log ver=1.16.2
time="2025-11-26T22:19:21.827754-08:00" level=info msg="Scheduler stream connected for [JOB_TARGET_TYPE_JOB]" app_id=ActorService instance=macbookpro.lan scope=dapr.runtime.scheduler.cluster type=log ver=1.16.2
time="2025-11-26T22:19:21.82777-08:00" level=info msg="Scheduler stream connected for [JOB_TARGET_TYPE_JOB]" app_id=ActorService instance=macbookpro.lan scope=dapr.runtime.scheduler.cluster type=log ver=1.16.2
time="2025-11-26T22:19:21.836584-08:00" level=info msg="Connected to placement localhost:50005" app_id=ActorService instance=macbookpro.lan scope=dapr.runtime.actors.placement.client type=log ver=1.16.2
time="2025-11-26T22:19:21.848707-08:00" level=info msg="Placement tables updated, version: 15" app_id=ActorService instance=macbookpro.lan scope=dapr.runtime.actors.placement type=log ver=1.16.2
time="2025-11-26T22:19:21.848814-08:00" level=info msg="Running actor reminder migration from state store to scheduler" app_id=ActorService instance=macbookpro.lan scope=dapr.runtime.actors.reminders.migration type=log ver=1.16.2
time="2025-11-26T22:19:21.848881-08:00" level=info msg="Scheduler stream disconnected" app_id=ActorService instance=macbookpro.lan scope=dapr.runtime.scheduler.cluster type=log ver=1.16.2
time="2025-11-26T22:19:21.848925-08:00" level=info msg="Scheduler stream disconnected" app_id=ActorService instance=macbookpro.lan scope=dapr.runtime.scheduler.cluster type=log ver=1.16.2
time="2025-11-26T22:19:21.848937-08:00" level=info msg="Scheduler stream disconnected" app_id=ActorService instance=macbookpro.lan scope=dapr.runtime.scheduler.cluster type=log ver=1.16.2
time="2025-11-26T22:19:21.849073-08:00" level=info msg="Scheduler stream connected for [JOB_TARGET_TYPE_JOB JOB_TARGET_TYPE_ACTOR_REMINDER]" app_id=ActorService instance=macbookpro.lan scope=dapr.runtime.scheduler.cluster type=log ver=1.16.2
time="2025-11-26T22:19:21.849105-08:00" level=info msg="Scheduler stream connected for [JOB_TARGET_TYPE_JOB JOB_TARGET_TYPE_ACTOR_REMINDER]" app_id=ActorService instance=macbookpro.lan scope=dapr.runtime.scheduler.cluster type=log ver=1.16.2
time="2025-11-26T22:19:21.849074-08:00" level=info msg="Scheduler stream connected for [JOB_TARGET_TYPE_JOB JOB_TARGET_TYPE_ACTOR_REMINDER]" app_id=ActorService instance=macbookpro.lan scope=dapr.runtime.scheduler.cluster type=log ver=1.16.2
time="2025-11-26T22:19:21.862028-08:00" level=info msg="Skipping migration, no missing scheduler reminders found" app_id=ActorService instance=macbookpro.lan scope=dapr.runtime.actors.reminders.migration type=log ver=1.16.2
time="2025-11-26T22:19:21.862064-08:00" level=info msg="Found 0 missing scheduler reminders from state store" app_id=ActorService instance=macbookpro.lan scope=dapr.runtime.actors.reminders.migration type=log ver=1.16.2
time="2025-11-26T22:19:21.862072-08:00" level=info msg="Migrated 0 reminders from state store to scheduler successfully" app_id=ActorService instance=macbookpro.lan scope=dapr.runtime.actors.reminders.migration type=log ver=1.16.2
time="2025-11-26T22:19:21.919021-08:00" level=warning msg="Redis does not support transaction rollbacks and should not be used in production as an actor state store." app_id=ActorService component="actorstore (state.redis/v1)" instance=macbookpro.lan scope=dapr.contrib type=log ver=1.16.2
time="2025-11-26T22:23:33.695849-08:00" level=info msg="Received signal 'interrupt'; beginning shutdown" app_id=ActorService instance=macbookpro.lan scope=dapr.signals type=log ver=1.16.2

termination signal received: shutting down
time="2025-11-26T22:23:33.696418-08:00" level=info msg="Scheduler stream disconnected" app_id=ActorService instance=macbookpro.lan scope=dapr.runtime.scheduler.cluster type=log ver=1.16.2
time="2025-11-26T22:23:33.696531-08:00" level=info msg="Scheduler stream disconnected" app_id=ActorService instance=macbookpro.lan scope=dapr.runtime.scheduler.cluster type=log ver=1.16.2
time="2025-11-26T22:23:33.696562-08:00" level=info msg="Scheduler stream disconnected" app_id=ActorService instance=macbookpro.lan scope=dapr.runtime.scheduler.cluster type=log ver=1.16.2
time="2025-11-26T22:23:33.696589-08:00" level=info msg="orchestration-processor: worker stopped" app_id=ActorService instance=macbookpro.lan scope=dapr.wfengine.durabletask.backend type=log ver=1.16.2
time="2025-11-26T22:23:33.696603-08:00" level=info msg="activity-processor: worker stopped" app_id=ActorService instance=macbookpro.lan scope=dapr.wfengine.durabletask.backend type=log ver=1.16.2
time="2025-11-26T22:23:33.69662-08:00" level=info msg="Actor runtime shutting down" app_id=ActorService instance=macbookpro.lan scope=dapr.runtime.actor type=log ver=1.16.2
time="2025-11-26T22:23:33.696738-08:00" level=info msg="backend stopping..." app_id=ActorService instance=macbookpro.lan scope=dapr.wfengine.durabletask.backend type=log ver=1.16.2
time="2025-11-26T22:23:33.696816-08:00" level=info msg="workers stopping and draining..." app_id=ActorService instance=macbookpro.lan scope=dapr.wfengine.durabletask.backend type=log ver=1.16.2
time="2025-11-26T22:23:33.696845-08:00" level=info msg="finished stopping and draining workers!" app_id=ActorService instance=macbookpro.lan scope=dapr.wfengine.durabletask.backend type=log ver=1.16.2
Exited Dapr successfully
Exited App successfully
time="2025-11-26T22:23:33.697031-08:00" level=error msg="Error communicating with placement: rpc error: code = Canceled desc = context canceled" app_id=ActorService instance=macbookpro.lan scope=dapr.runtime.actors.placement.client type=log ver=1.16.2
