Starting Dapr with id ActorService. HTTP Port: 3500. gRPC Port: 49952
Updating metadata for cliPID: 49067
time="2025-11-26T22:35:17.611473-08:00" level=info msg="Starting Dapr Runtime -- version 1.16.2 -- commit 3c7722a8c5648354e24256993caf047bc8c80666" app_id=ActorService instance=macbookpro.lan scope=dapr.runtime type=log ver=1.16.2
time="2025-11-26T22:35:17.61152-08:00" level=info msg="Log level set to: info" app_id=ActorService instance=macbookpro.lan scope=dapr.runtime type=log ver=1.16.2
time="2025-11-26T22:35:17.611647-08:00" level=warning msg="mTLS is disabled. Skipping certificate request and tls validation" app_id=ActorService instance=macbookpro.lan scope=dapr.runtime.security type=log ver=1.16.2
time="2025-11-26T22:35:17.612025-08:00" level=info msg="Enabled features: SchedulerReminders" app_id=ActorService instance=macbookpro.lan scope=dapr.runtime type=log ver=1.16.2
time="2025-11-26T22:35:17.612089-08:00" level=info msg="metric spec: {\"enabled\":true}" app_id=ActorService instance=macbookpro.lan scope=dapr.runtime.diagnostics type=log ver=1.16.2
time="2025-11-26T22:35:17.612112-08:00" level=info msg="Using default latency distribution buckets: [1 2 3 4 5 6 8 10 13 16 20 25 30 40 50 65 80 100 130 160 200 250 300 400 500 650 800 1000 2000 5000 10000 20000 50000 100000]" app_id=ActorService instance=macbookpro.lan scope=dapr.runtime.diagnostics type=log ver=1.16.2
time="2025-11-26T22:35:17.612194-08:00" level=warning msg="The default value for 'spec.metric.http.increasedCardinality' will change to 'false' in Dapr 1.15 or later" app_id=ActorService instance=macbookpro.lan scope=dapr.runtime.diagnostics type=log ver=1.16.2
time="2025-11-26T22:35:17.61252-08:00" level=info msg="standalone mode configured" app_id=ActorService instance=macbookpro.lan scope=dapr.runtime type=log ver=1.16.2
time="2025-11-26T22:35:17.612529-08:00" level=info msg="app id: ActorService" app_id=ActorService instance=macbookpro.lan scope=dapr.runtime type=log ver=1.16.2
time="2025-11-26T22:35:17.612645-08:00" level=info msg="Dapr trace sampler initialized: ParentBased{root:AlwaysOnSampler,remoteParentSampled:AlwaysOnSampler,remoteParentNotSampled:AlwaysOffSampler,localParentSampled:AlwaysOnSampler,localParentNotSampled:AlwaysOffSampler}" app_id=ActorService instance=macbookpro.lan scope=dapr.runtime type=log ver=1.16.2
time="2025-11-26T22:35:17.612751-08:00" level=info msg="metrics server started on 0.0.0.0:49953/" app_id=ActorService instance=macbookpro.lan scope=dapr.runtime type=log ver=1.16.2
time="2025-11-26T22:35:17.612891-08:00" level=info msg="local service entry announced: ActorService -> 192.168.86.22:49954" app_id=ActorService component="nr (mdns/v1)" instance=macbookpro.lan scope=dapr.contrib type=log ver=1.16.2
time="2025-11-26T22:35:17.612911-08:00" level=info msg="Initialized name resolution to mdns" app_id=ActorService instance=macbookpro.lan scope=dapr.runtime type=log ver=1.16.2
time="2025-11-26T22:35:17.61313-08:00" level=info msg="Loading components…" app_id=ActorService instance=macbookpro.lan scope=dapr.runtime type=log ver=1.16.2
time="2025-11-26T22:35:17.613483-08:00" level=info msg="Waiting for all outstanding components to be processed…" app_id=ActorService instance=macbookpro.lan scope=dapr.runtime type=log ver=1.16.2
time="2025-11-26T22:35:17.624899-08:00" level=info msg="Connected and received scheduler hosts addresses: [localhost:50006]" app_id=ActorService instance=macbookpro.lan scope=dapr.runtime.scheduler.watchhosts type=log ver=1.16.2
time="2025-11-26T22:35:17.625111-08:00" level=info msg="Scheduler client initialized for address: localhost:50006" app_id=ActorService instance=macbookpro.lan scope=dapr.runtime.scheduler.clients type=log ver=1.16.2
time="2025-11-26T22:35:17.625145-08:00" level=info msg="Scheduler clients initialized" app_id=ActorService instance=macbookpro.lan scope=dapr.runtime.scheduler.clients type=log ver=1.16.2
time="2025-11-26T22:35:17.627965-08:00" level=info msg="Using 'actorstore' as actor state store" app_id=ActorService instance=macbookpro.lan scope=dapr.runtime.processor.state type=log ver=1.16.2
time="2025-11-26T22:35:17.62804-08:00" level=info msg="Component loaded: actorstore (state.redis/v1)" app_id=ActorService instance=macbookpro.lan scope=dapr.runtime.processor type=log ver=1.16.2
time="2025-11-26T22:35:17.628055-08:00" level=info msg="All outstanding components processed" app_id=ActorService instance=macbookpro.lan scope=dapr.runtime type=log ver=1.16.2
time="2025-11-26T22:35:17.628074-08:00" level=info msg="Loading endpoints…" app_id=ActorService instance=macbookpro.lan scope=dapr.runtime type=log ver=1.16.2
time="2025-11-26T22:35:17.628264-08:00" level=info msg="Waiting for all outstanding http endpoints to be processed…" app_id=ActorService instance=macbookpro.lan scope=dapr.runtime type=log ver=1.16.2
time="2025-11-26T22:35:17.628272-08:00" level=info msg="All outstanding http endpoints processed" app_id=ActorService instance=macbookpro.lan scope=dapr.runtime type=log ver=1.16.2
time="2025-11-26T22:35:17.628278-08:00" level=info msg="Loading Declarative Subscriptions…" app_id=ActorService instance=macbookpro.lan scope=dapr.runtime type=log ver=1.16.2
time="2025-11-26T22:35:17.628503-08:00" level=info msg="gRPC server listening on TCP address: :49952" app_id=ActorService instance=macbookpro.lan scope=dapr.runtime.grpc.api type=log ver=1.16.2
time="2025-11-26T22:35:17.628515-08:00" level=info msg="Enabled gRPC tracing middleware" app_id=ActorService instance=macbookpro.lan scope=dapr.runtime.grpc.api type=log ver=1.16.2
time="2025-11-26T22:35:17.62852-08:00" level=info msg="Enabled gRPC metrics middleware" app_id=ActorService instance=macbookpro.lan scope=dapr.runtime.grpc.api type=log ver=1.16.2
time="2025-11-26T22:35:17.628556-08:00" level=info msg="Registering workflow engine for gRPC endpoint: [::]:49952" app_id=ActorService instance=macbookpro.lan scope=dapr.runtime.grpc.api type=log ver=1.16.2
time="2025-11-26T22:35:17.628578-08:00" level=info msg="API gRPC server is running on port 49952" app_id=ActorService instance=macbookpro.lan scope=dapr.runtime type=log ver=1.16.2
time="2025-11-26T22:35:17.628595-08:00" level=warning msg="The default value for 'spec.metric.http.increasedCardinality' will change to 'false' in Dapr 1.15 or later" app_id=ActorService instance=macbookpro.lan scope=dapr.runtime.http type=log ver=1.16.2
time="2025-11-26T22:35:17.628636-08:00" level=info msg="Enabled max body size HTTP middleware with size 4194304 bytes" app_id=ActorService instance=macbookpro.lan scope=dapr.runtime.http type=log ver=1.16.2
time="2025-11-26T22:35:17.628645-08:00" level=info msg="Enabled tracing HTTP middleware" app_id=ActorService instance=macbookpro.lan scope=dapr.runtime.http type=log ver=1.16.2
time="2025-11-26T22:35:17.62865-08:00" level=info msg="Enabled metrics HTTP middleware" app_id=ActorService instance=macbookpro.lan scope=dapr.runtime.http type=log ver=1.16.2
time="2025-11-26T22:35:17.628828-08:00" level=info msg="HTTP server listening on TCP address: :3500" app_id=ActorService instance=macbookpro.lan scope=dapr.runtime.http type=log ver=1.16.2
time="2025-11-26T22:35:17.628843-08:00" level=info msg="HTTP server is running on port 3500" app_id=ActorService instance=macbookpro.lan scope=dapr.runtime type=log ver=1.16.2
time="2025-11-26T22:35:17.628848-08:00" level=info msg="The request body size parameter is: 4194304 bytes" app_id=ActorService instance=macbookpro.lan scope=dapr.runtime type=log ver=1.16.2
time="2025-11-26T22:35:17.628871-08:00" level=info msg="gRPC server listening on TCP address: :49954" app_id=ActorService instance=macbookpro.lan scope=dapr.runtime.grpc.internal type=log ver=1.16.2
time="2025-11-26T22:35:17.628879-08:00" level=info msg="Enabled gRPC tracing middleware" app_id=ActorService instance=macbookpro.lan scope=dapr.runtime.grpc.internal type=log ver=1.16.2
time="2025-11-26T22:35:17.628887-08:00" level=info msg="Enabled gRPC metrics middleware" app_id=ActorService instance=macbookpro.lan scope=dapr.runtime.grpc.internal type=log ver=1.16.2
time="2025-11-26T22:35:17.628905-08:00" level=info msg="Internal gRPC server is running on :49954" app_id=ActorService instance=macbookpro.lan scope=dapr.runtime type=log ver=1.16.2
time="2025-11-26T22:35:17.628917-08:00" level=info msg="application protocol: http. waiting on port 5008.  This will block until the app is listening on that port." app_id=ActorService instance=macbookpro.lan scope=dapr.runtime type=log ver=1.16.2
Updating metadata for app command: dotnet run --framework net8.0
Updating metadata for appPID: 49077
You're up and running! Dapr logs will appear here.

time="2025-11-26T22:35:19.246595-08:00" level=info msg="application discovered on port 5008" app_id=ActorService instance=macbookpro.lan scope=dapr.runtime type=log ver=1.16.2
time="2025-11-26T22:35:19.246824-08:00" level=info msg="Using Scheduler service for reminders." app_id=ActorService instance=macbookpro.lan scope=dapr.runtime.actor.reminders.scheduler type=log ver=1.16.2
time="2025-11-26T22:35:19.246942-08:00" level=info msg="Actor runtime started" app_id=ActorService instance=macbookpro.lan scope=dapr.runtime.actor type=log ver=1.16.2
time="2025-11-26T22:35:19.246978-08:00" level=info msg="worker started with backend dapr.actors/v1" app_id=ActorService instance=macbookpro.lan scope=dapr.wfengine.durabletask.backend type=log ver=1.16.2
time="2025-11-26T22:35:19.246991-08:00" level=warning msg="Graceful shutdown timeout is infinite, will wait indefinitely to shutdown" app_id=ActorService instance=macbookpro.lan scope=dapr.runtime.actor type=log ver=1.16.2
time="2025-11-26T22:35:19.247025-08:00" level=info msg="Workflow engine started" app_id=ActorService instance=macbookpro.lan scope=dapr.runtime.wfengine type=log ver=1.16.2
time="2025-11-26T22:35:19.305054-08:00" level=info msg="Application configuration loaded" app_id=ActorService instance=macbookpro.lan scope=dapr.runtime type=log ver=1.16.2
time="2025-11-26T22:35:19.305097-08:00" level=info msg="Registering hosted actors: [LightActor]" app_id=ActorService instance=macbookpro.lan scope=dapr.runtime.actor type=log ver=1.16.2
time="2025-11-26T22:35:19.305118-08:00" level=info msg="dapr initialized. Status: Running. Init Elapsed 1692ms" app_id=ActorService instance=macbookpro.lan scope=dapr.runtime type=log ver=1.16.2
time="2025-11-26T22:35:19.305323-08:00" level=info msg="Scheduler stream connected for [JOB_TARGET_TYPE_JOB]" app_id=ActorService instance=macbookpro.lan scope=dapr.runtime.scheduler.cluster type=log ver=1.16.2
time="2025-11-26T22:35:19.305344-08:00" level=info msg="Connected to placement localhost:50005" app_id=ActorService instance=macbookpro.lan scope=dapr.runtime.actors.placement.client.connector.static type=log ver=1.16.2
time="2025-11-26T22:35:19.305347-08:00" level=info msg="Scheduler stream connected for [JOB_TARGET_TYPE_JOB]" app_id=ActorService instance=macbookpro.lan scope=dapr.runtime.scheduler.cluster type=log ver=1.16.2
time="2025-11-26T22:35:19.30535-08:00" level=info msg="Scheduler stream connected for [JOB_TARGET_TYPE_JOB]" app_id=ActorService instance=macbookpro.lan scope=dapr.runtime.scheduler.cluster type=log ver=1.16.2
time="2025-11-26T22:35:19.305299-08:00" level=info msg="Reporting actor types: [LightActor]" app_id=ActorService instance=macbookpro.lan scope=dapr.runtime.actors.placement type=log ver=1.16.2
time="2025-11-26T22:35:19.311783-08:00" level=info msg="Connected to placement localhost:50005" app_id=ActorService instance=macbookpro.lan scope=dapr.runtime.actors.placement.client type=log ver=1.16.2
time="2025-11-26T22:35:19.318882-08:00" level=info msg="Placement tables updated, version: 19" app_id=ActorService instance=macbookpro.lan scope=dapr.runtime.actors.placement type=log ver=1.16.2
time="2025-11-26T22:35:19.31895-08:00" level=info msg="Running actor reminder migration from state store to scheduler" app_id=ActorService instance=macbookpro.lan scope=dapr.runtime.actors.reminders.migration type=log ver=1.16.2
time="2025-11-26T22:35:19.318995-08:00" level=info msg="Scheduler stream disconnected" app_id=ActorService instance=macbookpro.lan scope=dapr.runtime.scheduler.cluster type=log ver=1.16.2
time="2025-11-26T22:35:19.319014-08:00" level=info msg="Scheduler stream disconnected" app_id=ActorService instance=macbookpro.lan scope=dapr.runtime.scheduler.cluster type=log ver=1.16.2
time="2025-11-26T22:35:19.319027-08:00" level=info msg="Scheduler stream disconnected" app_id=ActorService instance=macbookpro.lan scope=dapr.runtime.scheduler.cluster type=log ver=1.16.2
time="2025-11-26T22:35:19.319104-08:00" level=info msg="Scheduler stream connected for [JOB_TARGET_TYPE_JOB JOB_TARGET_TYPE_ACTOR_REMINDER]" app_id=ActorService instance=macbookpro.lan scope=dapr.runtime.scheduler.cluster type=log ver=1.16.2
time="2025-11-26T22:35:19.319116-08:00" level=info msg="Scheduler stream connected for [JOB_TARGET_TYPE_JOB JOB_TARGET_TYPE_ACTOR_REMINDER]" app_id=ActorService instance=macbookpro.lan scope=dapr.runtime.scheduler.cluster type=log ver=1.16.2
time="2025-11-26T22:35:19.319115-08:00" level=info msg="Scheduler stream connected for [JOB_TARGET_TYPE_JOB JOB_TARGET_TYPE_ACTOR_REMINDER]" app_id=ActorService instance=macbookpro.lan scope=dapr.runtime.scheduler.cluster type=log ver=1.16.2
time="2025-11-26T22:35:19.327739-08:00" level=info msg="Skipping migration, no missing scheduler reminders found" app_id=ActorService instance=macbookpro.lan scope=dapr.runtime.actors.reminders.migration type=log ver=1.16.2
time="2025-11-26T22:35:19.327798-08:00" level=info msg="Found 0 missing scheduler reminders from state store" app_id=ActorService instance=macbookpro.lan scope=dapr.runtime.actors.reminders.migration type=log ver=1.16.2
time="2025-11-26T22:35:19.327808-08:00" level=info msg="Migrated 0 reminders from state store to scheduler successfully" app_id=ActorService instance=macbookpro.lan scope=dapr.runtime.actors.reminders.migration type=log ver=1.16.2
time="2025-11-26T22:35:24.030566-08:00" level=warning msg="Redis does not support transaction rollbacks and should not be used in production as an actor state store." app_id=ActorService component="actorstore (state.redis/v1)" instance=macbookpro.lan scope=dapr.contrib type=log ver=1.16.2
time="2025-11-26T22:36:12.772971-08:00" level=info msg="Received signal 'interrupt'; beginning shutdown" app_id=ActorService instance=macbookpro.lan scope=dapr.signals type=log ver=1.16.2

termination signal received: shutting down
time="2025-11-26T22:36:12.773316-08:00" level=info msg="backend stopping..." app_id=ActorService instance=macbookpro.lan scope=dapr.wfengine.durabletask.backend type=log ver=1.16.2
time="2025-11-26T22:36:12.773413-08:00" level=info msg="workers stopping and draining..." app_id=ActorService instance=macbookpro.lan scope=dapr.wfengine.durabletask.backend type=log ver=1.16.2
Exited Dapr successfully
Exited App successfully
time="2025-11-26T22:36:12.773322-08:00" level=info msg="activity-processor: worker stopped" app_id=ActorService instance=macbookpro.lan scope=dapr.wfengine.durabletask.backend type=log ver=1.16.2
time="2025-11-26T22:36:12.773423-08:00" level=info msg="Scheduler stream disconnected" app_id=ActorService instance=macbookpro.lan scope=dapr.runtime.scheduler.cluster type=log ver=1.16.2
time="2025-11-26T22:36:12.773502-08:00" level=info msg="orchestration-processor: worker stopped" app_id=ActorService instance=macbookpro.lan scope=dapr.wfengine.durabletask.backend type=log ver=1.16.2
time="2025-11-26T22:36:12.773613-08:00" level=info msg="finished stopping and draining workers!" app_id=ActorService instance=macbookpro.lan scope=dapr.wfengine.durabletask.backend type=log ver=1.16.2
time="2025-11-26T22:36:12.773458-08:00" level=info msg="Scheduler stream disconnected" app_id=ActorService instance=macbookpro.lan scope=dapr.runtime.scheduler.cluster type=log ver=1.16.2
time="2025-11-26T22:36:12.773629-08:00" level=info msg="Workflow engine stopped" app_id=ActorService instance=macbookpro.lan scope=dapr.runtime.wfengine type=log ver=1.16.2
time="2025-11-26T22:36:12.7736-08:00" level=info msg="Actor runtime shutting down" app_id=ActorService instance=macbookpro.lan scope=dapr.runtime.actor type=log ver=1.16.2
time="2025-11-26T22:36:12.77348-08:00" level=info msg="Scheduler stream disconnected" app_id=ActorService instance=macbookpro.lan scope=dapr.runtime.scheduler.cluster type=log ver=1.16.2
