Starting Dapr with id ActorService. HTTP Port: 65017. gRPC Port: 65018
Updating metadata for cliPID: 24881
time="2025-11-26T22:15:08.613141-08:00" level=info msg="Starting Dapr Runtime -- version 1.16.2 -- commit 3c7722a8c5648354e24256993caf047bc8c80666" app_id=ActorService instance=macbookpro.lan scope=dapr.runtime type=log ver=1.16.2
time="2025-11-26T22:15:08.613305-08:00" level=info msg="Log level set to: info" app_id=ActorService instance=macbookpro.lan scope=dapr.runtime type=log ver=1.16.2
time="2025-11-26T22:15:08.613535-08:00" level=warning msg="mTLS is disabled. Skipping certificate request and tls validation" app_id=ActorService instance=macbookpro.lan scope=dapr.runtime.security type=log ver=1.16.2
time="2025-11-26T22:15:08.616254-08:00" level=info msg="Enabled features: SchedulerReminders" app_id=ActorService instance=macbookpro.lan scope=dapr.runtime type=log ver=1.16.2
time="2025-11-26T22:15:08.616463-08:00" level=info msg="metric spec: {\"enabled\":true}" app_id=ActorService instance=macbookpro.lan scope=dapr.runtime.diagnostics type=log ver=1.16.2
time="2025-11-26T22:15:08.616485-08:00" level=info msg="Using default latency distribution buckets: [1 2 3 4 5 6 8 10 13 16 20 25 30 40 50 65 80 100 130 160 200 250 300 400 500 650 800 1000 2000 5000 10000 20000 50000 100000]" app_id=ActorService instance=macbookpro.lan scope=dapr.runtime.diagnostics type=log ver=1.16.2
time="2025-11-26T22:15:08.616557-08:00" level=warning msg="The default value for 'spec.metric.http.increasedCardinality' will change to 'false' in Dapr 1.15 or later" app_id=ActorService instance=macbookpro.lan scope=dapr.runtime.diagnostics type=log ver=1.16.2
time="2025-11-26T22:15:08.617808-08:00" level=info msg="standalone mode configured" app_id=ActorService instance=macbookpro.lan scope=dapr.runtime type=log ver=1.16.2
time="2025-11-26T22:15:08.617827-08:00" level=info msg="app id: ActorService" app_id=ActorService instance=macbookpro.lan scope=dapr.runtime type=log ver=1.16.2
time="2025-11-26T22:15:08.618417-08:00" level=info msg="metrics server started on 0.0.0.0:65019/" app_id=ActorService instance=macbookpro.lan scope=dapr.runtime type=log ver=1.16.2
time="2025-11-26T22:15:08.618868-08:00" level=info msg="Dapr trace sampler initialized: ParentBased{root:AlwaysOnSampler,remoteParentSampled:AlwaysOnSampler,remoteParentNotSampled:AlwaysOffSampler,localParentSampled:AlwaysOnSampler,localParentNotSampled:AlwaysOffSampler}" app_id=ActorService instance=macbookpro.lan scope=dapr.runtime type=log ver=1.16.2
time="2025-11-26T22:15:08.619588-08:00" level=info msg="local service entry announced: ActorService -> 192.168.86.22:65020" app_id=ActorService component="nr (mdns/v1)" instance=macbookpro.lan scope=dapr.contrib type=log ver=1.16.2
time="2025-11-26T22:15:08.619612-08:00" level=info msg="Initialized name resolution to mdns" app_id=ActorService instance=macbookpro.lan scope=dapr.runtime type=log ver=1.16.2
time="2025-11-26T22:15:08.620086-08:00" level=info msg="Loading components…" app_id=ActorService instance=macbookpro.lan scope=dapr.runtime type=log ver=1.16.2
time="2025-11-26T22:15:08.620764-08:00" level=info msg="Waiting for all outstanding components to be processed…" app_id=ActorService instance=macbookpro.lan scope=dapr.runtime type=log ver=1.16.2
time="2025-11-26T22:15:08.662424-08:00" level=info msg="Connected and received scheduler hosts addresses: [localhost:50006]" app_id=ActorService instance=macbookpro.lan scope=dapr.runtime.scheduler.watchhosts type=log ver=1.16.2
time="2025-11-26T22:15:08.662595-08:00" level=info msg="Scheduler client initialized for address: localhost:50006" app_id=ActorService instance=macbookpro.lan scope=dapr.runtime.scheduler.clients type=log ver=1.16.2
time="2025-11-26T22:15:08.66261-08:00" level=info msg="Scheduler clients initialized" app_id=ActorService instance=macbookpro.lan scope=dapr.runtime.scheduler.clients type=log ver=1.16.2
time="2025-11-26T22:15:08.670989-08:00" level=info msg="Using 'actorstore' as actor state store" app_id=ActorService instance=macbookpro.lan scope=dapr.runtime.processor.state type=log ver=1.16.2
time="2025-11-26T22:15:08.671074-08:00" level=info msg="Component loaded: actorstore (state.redis/v1)" app_id=ActorService instance=macbookpro.lan scope=dapr.runtime.processor type=log ver=1.16.2
time="2025-11-26T22:15:08.671113-08:00" level=info msg="All outstanding components processed" app_id=ActorService instance=macbookpro.lan scope=dapr.runtime type=log ver=1.16.2
time="2025-11-26T22:15:08.671268-08:00" level=info msg="Loading endpoints…" app_id=ActorService instance=macbookpro.lan scope=dapr.runtime type=log ver=1.16.2
time="2025-11-26T22:15:08.671465-08:00" level=info msg="Waiting for all outstanding http endpoints to be processed…" app_id=ActorService instance=macbookpro.lan scope=dapr.runtime type=log ver=1.16.2
time="2025-11-26T22:15:08.671478-08:00" level=info msg="All outstanding http endpoints processed" app_id=ActorService instance=macbookpro.lan scope=dapr.runtime type=log ver=1.16.2
time="2025-11-26T22:15:08.671489-08:00" level=info msg="Loading Declarative Subscriptions…" app_id=ActorService instance=macbookpro.lan scope=dapr.runtime type=log ver=1.16.2
time="2025-11-26T22:15:08.671993-08:00" level=info msg="gRPC server listening on TCP address: :65018" app_id=ActorService instance=macbookpro.lan scope=dapr.runtime.grpc.api type=log ver=1.16.2
time="2025-11-26T22:15:08.672012-08:00" level=info msg="Enabled gRPC tracing middleware" app_id=ActorService instance=macbookpro.lan scope=dapr.runtime.grpc.api type=log ver=1.16.2
time="2025-11-26T22:15:08.672019-08:00" level=info msg="Enabled gRPC metrics middleware" app_id=ActorService instance=macbookpro.lan scope=dapr.runtime.grpc.api type=log ver=1.16.2
time="2025-11-26T22:15:08.6722-08:00" level=info msg="Registering workflow engine for gRPC endpoint: [::]:65018" app_id=ActorService instance=macbookpro.lan scope=dapr.runtime.grpc.api type=log ver=1.16.2
time="2025-11-26T22:15:08.67278-08:00" level=info msg="API gRPC server is running on port 65018" app_id=ActorService instance=macbookpro.lan scope=dapr.runtime type=log ver=1.16.2
time="2025-11-26T22:15:08.673308-08:00" level=warning msg="The default value for 'spec.metric.http.increasedCardinality' will change to 'false' in Dapr 1.15 or later" app_id=ActorService instance=macbookpro.lan scope=dapr.runtime.http type=log ver=1.16.2
time="2025-11-26T22:15:08.673655-08:00" level=info msg="Enabled max body size HTTP middleware with size 4194304 bytes" app_id=ActorService instance=macbookpro.lan scope=dapr.runtime.http type=log ver=1.16.2
time="2025-11-26T22:15:08.673676-08:00" level=info msg="Enabled tracing HTTP middleware" app_id=ActorService instance=macbookpro.lan scope=dapr.runtime.http type=log ver=1.16.2
time="2025-11-26T22:15:08.673683-08:00" level=info msg="Enabled metrics HTTP middleware" app_id=ActorService instance=macbookpro.lan scope=dapr.runtime.http type=log ver=1.16.2
time="2025-11-26T22:15:08.673946-08:00" level=info msg="HTTP server listening on TCP address: :65017" app_id=ActorService instance=macbookpro.lan scope=dapr.runtime.http type=log ver=1.16.2
time="2025-11-26T22:15:08.674126-08:00" level=info msg="HTTP server is running on port 65017" app_id=ActorService instance=macbookpro.lan scope=dapr.runtime type=log ver=1.16.2
time="2025-11-26T22:15:08.674143-08:00" level=info msg="The request body size parameter is: 4194304 bytes" app_id=ActorService instance=macbookpro.lan scope=dapr.runtime type=log ver=1.16.2
time="2025-11-26T22:15:08.67418-08:00" level=info msg="gRPC server listening on TCP address: :65020" app_id=ActorService instance=macbookpro.lan scope=dapr.runtime.grpc.internal type=log ver=1.16.2
time="2025-11-26T22:15:08.674191-08:00" level=info msg="Enabled gRPC tracing middleware" app_id=ActorService instance=macbookpro.lan scope=dapr.runtime.grpc.internal type=log ver=1.16.2
time="2025-11-26T22:15:08.674196-08:00" level=info msg="Enabled gRPC metrics middleware" app_id=ActorService instance=macbookpro.lan scope=dapr.runtime.grpc.internal type=log ver=1.16.2
time="2025-11-26T22:15:08.674219-08:00" level=info msg="Internal gRPC server is running on :65020" app_id=ActorService instance=macbookpro.lan scope=dapr.runtime type=log ver=1.16.2
time="2025-11-26T22:15:08.674234-08:00" level=info msg="application protocol: http. waiting on port 5008.  This will block until the app is listening on that port." app_id=ActorService instance=macbookpro.lan scope=dapr.runtime type=log ver=1.16.2
Updating metadata for app command: dotnet run --framework net8.0
Updating metadata for appPID: 24889
You're up and running! Dapr logs will appear here.

time="2025-11-26T22:15:10.696017-08:00" level=info msg="application discovered on port 5008" app_id=ActorService instance=macbookpro.lan scope=dapr.runtime type=log ver=1.16.2
time="2025-11-26T22:15:10.696251-08:00" level=info msg="Using Scheduler service for reminders." app_id=ActorService instance=macbookpro.lan scope=dapr.runtime.actor.reminders.scheduler type=log ver=1.16.2
time="2025-11-26T22:15:10.696413-08:00" level=info msg="Actor runtime started" app_id=ActorService instance=macbookpro.lan scope=dapr.runtime.actor type=log ver=1.16.2
time="2025-11-26T22:15:10.696462-08:00" level=warning msg="Graceful shutdown timeout is infinite, will wait indefinitely to shutdown" app_id=ActorService instance=macbookpro.lan scope=dapr.runtime.actor type=log ver=1.16.2
time="2025-11-26T22:15:10.696528-08:00" level=info msg="worker started with backend dapr.actors/v1" app_id=ActorService instance=macbookpro.lan scope=dapr.wfengine.durabletask.backend type=log ver=1.16.2
time="2025-11-26T22:15:10.696549-08:00" level=info msg="Workflow engine started" app_id=ActorService instance=macbookpro.lan scope=dapr.runtime.wfengine type=log ver=1.16.2
time="2025-11-26T22:15:10.773747-08:00" level=info msg="Application configuration loaded" app_id=ActorService instance=macbookpro.lan scope=dapr.runtime type=log ver=1.16.2
time="2025-11-26T22:15:10.773807-08:00" level=info msg="Registering hosted actors: [LightActor]" app_id=ActorService instance=macbookpro.lan scope=dapr.runtime.actor type=log ver=1.16.2
time="2025-11-26T22:15:10.773846-08:00" level=info msg="dapr initialized. Status: Running. Init Elapsed 2156ms" app_id=ActorService instance=macbookpro.lan scope=dapr.runtime type=log ver=1.16.2
time="2025-11-26T22:15:10.774256-08:00" level=info msg="Reporting actor types: [LightActor]" app_id=ActorService instance=macbookpro.lan scope=dapr.runtime.actors.placement type=log ver=1.16.2
time="2025-11-26T22:15:10.7751-08:00" level=info msg="Connected to placement localhost:50005" app_id=ActorService instance=macbookpro.lan scope=dapr.runtime.actors.placement.client.connector.static type=log ver=1.16.2
time="2025-11-26T22:15:10.775438-08:00" level=info msg="Scheduler stream connected for [JOB_TARGET_TYPE_JOB]" app_id=ActorService instance=macbookpro.lan scope=dapr.runtime.scheduler.cluster type=log ver=1.16.2
time="2025-11-26T22:15:10.775452-08:00" level=info msg="Scheduler stream connected for [JOB_TARGET_TYPE_JOB]" app_id=ActorService instance=macbookpro.lan scope=dapr.runtime.scheduler.cluster type=log ver=1.16.2
time="2025-11-26T22:15:10.775468-08:00" level=info msg="Scheduler stream connected for [JOB_TARGET_TYPE_JOB]" app_id=ActorService instance=macbookpro.lan scope=dapr.runtime.scheduler.cluster type=log ver=1.16.2
time="2025-11-26T22:15:10.785546-08:00" level=info msg="Connected to placement localhost:50005" app_id=ActorService instance=macbookpro.lan scope=dapr.runtime.actors.placement.client type=log ver=1.16.2
time="2025-11-26T22:15:10.797469-08:00" level=info msg="Placement tables updated, version: 13" app_id=ActorService instance=macbookpro.lan scope=dapr.runtime.actors.placement type=log ver=1.16.2
time="2025-11-26T22:15:10.797722-08:00" level=info msg="Running actor reminder migration from state store to scheduler" app_id=ActorService instance=macbookpro.lan scope=dapr.runtime.actors.reminders.migration type=log ver=1.16.2
time="2025-11-26T22:15:10.797943-08:00" level=info msg="Scheduler stream disconnected" app_id=ActorService instance=macbookpro.lan scope=dapr.runtime.scheduler.cluster type=log ver=1.16.2
time="2025-11-26T22:15:10.797964-08:00" level=info msg="Scheduler stream disconnected" app_id=ActorService instance=macbookpro.lan scope=dapr.runtime.scheduler.cluster type=log ver=1.16.2
time="2025-11-26T22:15:10.798005-08:00" level=info msg="Scheduler stream disconnected" app_id=ActorService instance=macbookpro.lan scope=dapr.runtime.scheduler.cluster type=log ver=1.16.2
time="2025-11-26T22:15:10.798067-08:00" level=info msg="Scheduler stream connected for [JOB_TARGET_TYPE_JOB JOB_TARGET_TYPE_ACTOR_REMINDER]" app_id=ActorService instance=macbookpro.lan scope=dapr.runtime.scheduler.cluster type=log ver=1.16.2
time="2025-11-26T22:15:10.798112-08:00" level=info msg="Scheduler stream connected for [JOB_TARGET_TYPE_JOB JOB_TARGET_TYPE_ACTOR_REMINDER]" app_id=ActorService instance=macbookpro.lan scope=dapr.runtime.scheduler.cluster type=log ver=1.16.2
time="2025-11-26T22:15:10.798095-08:00" level=info msg="Scheduler stream connected for [JOB_TARGET_TYPE_JOB JOB_TARGET_TYPE_ACTOR_REMINDER]" app_id=ActorService instance=macbookpro.lan scope=dapr.runtime.scheduler.cluster type=log ver=1.16.2
time="2025-11-26T22:15:10.813299-08:00" level=info msg="Skipping migration, no missing scheduler reminders found" app_id=ActorService instance=macbookpro.lan scope=dapr.runtime.actors.reminders.migration type=log ver=1.16.2
time="2025-11-26T22:15:10.813331-08:00" level=info msg="Found 0 missing scheduler reminders from state store" app_id=ActorService instance=macbookpro.lan scope=dapr.runtime.actors.reminders.migration type=log ver=1.16.2
time="2025-11-26T22:15:10.813339-08:00" level=info msg="Migrated 0 reminders from state store to scheduler successfully" app_id=ActorService instance=macbookpro.lan scope=dapr.runtime.actors.reminders.migration type=log ver=1.16.2
time="2025-11-26T22:15:11.976614-08:00" level=warning msg="Redis does not support transaction rollbacks and should not be used in production as an actor state store." app_id=ActorService component="actorstore (state.redis/v1)" instance=macbookpro.lan scope=dapr.contrib type=log ver=1.16.2

termination signal received: shutting down
Exited Dapr successfully
Exited App successfully
time="2025-11-26T22:15:58.626826-08:00" level=info msg="Received signal 'interrupt'; beginning shutdown" app_id=ActorService instance=macbookpro.lan scope=dapr.signals type=log ver=1.16.2
